Archive member included to satisfy reference by file (symbol)

F:\WorkSpace\SW4STM32\stm32f030brkout_32qfp_hal_lib\Debug\libstm32f030brkout_32qfp_hal_lib.a(stm32f0xx_hal.o)
                              src/main.o (HAL_Init)
F:\WorkSpace\SW4STM32\stm32f030brkout_32qfp_hal_lib\Debug\libstm32f030brkout_32qfp_hal_lib.a(stm32f0xx_hal_cortex.o)
                              src/main.o (HAL_NVIC_SetPriority)
F:\WorkSpace\SW4STM32\stm32f030brkout_32qfp_hal_lib\Debug\libstm32f030brkout_32qfp_hal_lib.a(stm32f0xx_hal_rcc.o)
                              F:\WorkSpace\SW4STM32\stm32f030brkout_32qfp_hal_lib\Debug\libstm32f030brkout_32qfp_hal_lib.a(stm32f0xx_hal.o) (HAL_RCC_GetHCLKFreq)
F:\WorkSpace\SW4STM32\stm32f030brkout_32qfp_hal_lib\Debug\libstm32f030brkout_32qfp_hal_lib.a(stm32f0xx_hal_gpio.o)
                              F:\WorkSpace\SW4STM32\stm32f030brkout_32qfp_hal_lib\Debug\libstm32f030brkout_32qfp_hal_lib.a(stm32f0xx_hal_rcc.o) (HAL_GPIO_Init)
c:/ac6/systemworkbench/plugins/fr.ac6.mcu.externaltools.arm-none.win32_1.17.0.201812190825/tools/compiler/bin/../lib/gcc/arm-none-eabi/7.3.1/thumb/v6-m\libgcc.a(_udivsi3.o)
                              src/system_stm32f0xx.o (__aeabi_uidiv)
c:/ac6/systemworkbench/plugins/fr.ac6.mcu.externaltools.arm-none.win32_1.17.0.201812190825/tools/compiler/bin/../lib/gcc/arm-none-eabi/7.3.1/thumb/v6-m\libgcc.a(_divsi3.o)
                              src/uart_utils.o (__aeabi_idiv)
c:/ac6/systemworkbench/plugins/fr.ac6.mcu.externaltools.arm-none.win32_1.17.0.201812190825/tools/compiler/bin/../lib/gcc/arm-none-eabi/7.3.1/thumb/v6-m\libgcc.a(_dvmd_tls.o)
                              c:/ac6/systemworkbench/plugins/fr.ac6.mcu.externaltools.arm-none.win32_1.17.0.201812190825/tools/compiler/bin/../lib/gcc/arm-none-eabi/7.3.1/thumb/v6-m\libgcc.a(_udivsi3.o) (__aeabi_idiv0)
c:/ac6/systemworkbench/plugins/fr.ac6.mcu.externaltools.arm-none.win32_1.17.0.201812190825/tools/compiler/bin/../lib/gcc/arm-none-eabi/7.3.1/thumb/v6-m\libgcc.a(_fixunssfsi.o)
                              src/main.o (__aeabi_f2uiz)
c:/ac6/systemworkbench/plugins/fr.ac6.mcu.externaltools.arm-none.win32_1.17.0.201812190825/tools/compiler/bin/../lib/gcc/arm-none-eabi/7.3.1/thumb/v6-m\libgcc.a(divsf3.o)
                              src/main.o (__aeabi_fdiv)
c:/ac6/systemworkbench/plugins/fr.ac6.mcu.externaltools.arm-none.win32_1.17.0.201812190825/tools/compiler/bin/../lib/gcc/arm-none-eabi/7.3.1/thumb/v6-m\libgcc.a(mulsf3.o)
                              src/main.o (__aeabi_fmul)
c:/ac6/systemworkbench/plugins/fr.ac6.mcu.externaltools.arm-none.win32_1.17.0.201812190825/tools/compiler/bin/../lib/gcc/arm-none-eabi/7.3.1/thumb/v6-m\libgcc.a(subsf3.o)
                              c:/ac6/systemworkbench/plugins/fr.ac6.mcu.externaltools.arm-none.win32_1.17.0.201812190825/tools/compiler/bin/../lib/gcc/arm-none-eabi/7.3.1/thumb/v6-m\libgcc.a(_fixunssfsi.o) (__aeabi_fsub)
c:/ac6/systemworkbench/plugins/fr.ac6.mcu.externaltools.arm-none.win32_1.17.0.201812190825/tools/compiler/bin/../lib/gcc/arm-none-eabi/7.3.1/thumb/v6-m\libgcc.a(fixsfsi.o)
                              c:/ac6/systemworkbench/plugins/fr.ac6.mcu.externaltools.arm-none.win32_1.17.0.201812190825/tools/compiler/bin/../lib/gcc/arm-none-eabi/7.3.1/thumb/v6-m\libgcc.a(_fixunssfsi.o) (__aeabi_f2iz)
c:/ac6/systemworkbench/plugins/fr.ac6.mcu.externaltools.arm-none.win32_1.17.0.201812190825/tools/compiler/bin/../lib/gcc/arm-none-eabi/7.3.1/thumb/v6-m\libgcc.a(floatsisf.o)
                              src/motor_control.o (__aeabi_i2f)
c:/ac6/systemworkbench/plugins/fr.ac6.mcu.externaltools.arm-none.win32_1.17.0.201812190825/tools/compiler/bin/../lib/gcc/arm-none-eabi/7.3.1/thumb/v6-m\libgcc.a(floatunsisf.o)
                              src/main.o (__aeabi_ui2f)
c:/ac6/systemworkbench/plugins/fr.ac6.mcu.externaltools.arm-none.win32_1.17.0.201812190825/tools/compiler/bin/../lib/gcc/arm-none-eabi/7.3.1/thumb/v6-m\libgcc.a(extendsfdf2.o)
                              src/uart_utils.o (__aeabi_f2d)
c:/ac6/systemworkbench/plugins/fr.ac6.mcu.externaltools.arm-none.win32_1.17.0.201812190825/tools/compiler/bin/../lib/gcc/arm-none-eabi/7.3.1/thumb/v6-m\libgcc.a(_arm_cmpsf2.o)
                              c:/ac6/systemworkbench/plugins/fr.ac6.mcu.externaltools.arm-none.win32_1.17.0.201812190825/tools/compiler/bin/../lib/gcc/arm-none-eabi/7.3.1/thumb/v6-m\libgcc.a(_fixunssfsi.o) (__aeabi_fcmpge)
c:/ac6/systemworkbench/plugins/fr.ac6.mcu.externaltools.arm-none.win32_1.17.0.201812190825/tools/compiler/bin/../lib/gcc/arm-none-eabi/7.3.1/thumb/v6-m\libgcc.a(_clzsi2.o)
                              c:/ac6/systemworkbench/plugins/fr.ac6.mcu.externaltools.arm-none.win32_1.17.0.201812190825/tools/compiler/bin/../lib/gcc/arm-none-eabi/7.3.1/thumb/v6-m\libgcc.a(divsf3.o) (__clzsi2)
c:/ac6/systemworkbench/plugins/fr.ac6.mcu.externaltools.arm-none.win32_1.17.0.201812190825/tools/compiler/bin/../lib/gcc/arm-none-eabi/7.3.1/thumb/v6-m\libgcc.a(eqsf2.o)
[...]
Memory Configuration

Name             Origin             Length             Attributes
RAM              0x20000000         0x00001000         xrw
ROM              0x08000000         0x00008000         xr
*default*        0x00000000         0xffffffff

Linker script and memory map

LOAD c:/ac6/systemworkbench/plugins/fr.ac6.mcu.externaltools.arm-none.win32_1.17.0.201812190825/tools/compiler/bin/../lib/gcc/arm-none-eabi/7.3.1/thumb/v6-m/crti.o
LOAD c:/ac6/systemworkbench/plugins/fr.ac6.mcu.externaltools.arm-none.win32_1.17.0.201812190825/tools/compiler/bin/../lib/gcc/arm-none-eabi/7.3.1/thumb/v6-m/crtbegin.o
LOAD c:/ac6/systemworkbench/plugins/fr.ac6.mcu.externaltools.arm-none.win32_1.17.0.201812190825/tools/compiler/bin/../lib/gcc/arm-none-eabi/7.3.1/../../../../arm-none-eabi/lib/thumb/v6-m/crt0.o
LOAD src/bemf_detection.o
LOAD src/main.o
LOAD src/motor_control.o
LOAD src/stm32f0xx_it.o
LOAD src/syscalls.o
LOAD src/system_stm32f0xx.o
LOAD src/uart_utils.o
LOAD startup/startup_stm32.o
LOAD F:\WorkSpace\SW4STM32\stm32f030brkout_32qfp_hal_lib\Debug\libstm32f030brkout_32qfp_hal_lib.a
LOAD c:/ac6/systemworkbench/plugins/fr.ac6.mcu.externaltools.arm-none.win32_1.17.0.201812190825/tools/compiler/bin/../lib/gcc/arm-none-eabi/7.3.1/../../../../arm-none-eabi/lib/thumb/v6-m\libm.a
START GROUP
LOAD c:/ac6/systemworkbench/plugins/fr.ac6.mcu.externaltools.arm-none.win32_1.17.0.201812190825/tools/compiler/bin/../lib/gcc/arm-none-eabi/7.3.1/thumb/v6-m\libgcc.a
LOAD c:/ac6/systemworkbench/plugins/fr.ac6.mcu.externaltools.arm-none.win32_1.17.0.201812190825/tools/compiler/bin/../lib/gcc/arm-none-eabi/7.3.1/../../../../arm-none-eabi/lib/thumb/v6-m\libc.a
END GROUP
LOAD c:/ac6/systemworkbench/plugins/fr.ac6.mcu.externaltools.arm-none.win32_1.17.0.201812190825/tools/compiler/bin/../lib/gcc/arm-none-eabi/7.3.1/thumb/v6-m/crtend.o
LOAD c:/ac6/systemworkbench/plugins/fr.ac6.mcu.externaltools.arm-none.win32_1.17.0.201812190825/tools/compiler/bin/../lib/gcc/arm-none-eabi/7.3.1/thumb/v6-m/crtn.o
                0x20001000                _estack = 0x20001000
                0x00000000                _Min_Heap_Size = 0x0
                0x00000400                _Min_Stack_Size = 0x400

.isr_vector     0x08000000       0xc0
                0x08000000                . = ALIGN (0x4)
 *(.isr_vector)
 .isr_vector    0x08000000       0xc0 startup/startup_stm32.o
                0x08000000                g_pfnVectors
                0x080000c0                . = ALIGN (0x4)

.text           0x080000c0     0x44a8
                0x080000c0                . = ALIGN (0x4)
 *(.text)
 .text          0x080000c0       0x48 c:/ac6/systemworkbench/plugins/fr.ac6.mcu.externaltools.arm-none.win32_1.17.0.201812190825/tools/compiler/bin/../lib/gcc/arm-none-eabi/7.3.1/thumb/v6-m/crtbegin.o
 .text          0x08000108      0x114 c:/ac6/systemworkbench/plugins/fr.ac6.mcu.externaltools.arm-none.win32_1.17.0.201812190825/tools/compiler/bin/../lib/gcc/arm-none-eabi/7.3.1/thumb/v6-m\libgcc.a(_udivsi3.o)
                0x08000108                __aeabi_uidiv
                0x08000108                __udivsi3
                0x08000214                __aeabi_uidivmod
 .text          0x0800021c        0x4 c:/ac6/systemworkbench/plugins/fr.ac6.mcu.externaltools.arm-none.win32_1.17.0.201812190825/tools/compiler/bin/../lib/gcc/arm-none-eabi/7.3.1/thumb/v6-m\libgcc.a(_dvmd_tls.o)
                0x0800021c                __aeabi_idiv0
                0x0800021c                __aeabi_ldiv0
 .text          0x08000220       0x30 c:/ac6/systemworkbench/plugins/fr.ac6.mcu.externaltools.arm-none.win32_1.17.0.201812190825/tools/compiler/bin/../lib/gcc/arm-none-eabi/7.3.1/thumb/v6-m\libgcc.a(_fixunssfsi.o)
                0x08000220                __fixunssfsi
                0x08000220                __aeabi_f2uiz
 .text          0x08000250      0x224 c:/ac6/systemworkbench/plugins/fr.ac6.mcu.externaltools.arm-none.win32_1.17.0.201812190825/tools/compiler/bin/../lib/gcc/arm-none-eabi/7.3.1/thumb/v6-m\libgcc.a(divsf3.o)
                0x08000250                __aeabi_fdiv
 .text          0x08000474      0x264 c:/ac6/systemworkbench/plugins/fr.ac6.mcu.externaltools.arm-none.win32_1.17.0.201812190825/tools/compiler/bin/../lib/gcc/arm-none-eabi/7.3.1/thumb/v6-m\libgcc.a(mulsf3.o)
                0x08000474                __aeabi_fmul
 .text          0x080006d8      0x388 c:/ac6/systemworkbench/plugins/fr.ac6.mcu.externaltools.arm-none.win32_1.17.0.201812190825/tools/compiler/bin/../lib/gcc/arm-none-eabi/7.3.1/thumb/v6-m\libgcc.a(subsf3.o)
                0x080006d8                __aeabi_fsub
 .text          0x08000a60       0x40 c:/ac6/systemworkbench/plugins/fr.ac6.mcu.externaltools.arm-none.win32_1.17.0.201812190825/tools/compiler/bin/../lib/gcc/arm-none-eabi/7.3.1/thumb/v6-m\libgcc.a(fixsfsi.o)
                0x08000a60                __aeabi_f2iz
 .text          0x08000aa0       0x94 c:/ac6/systemworkbench/plugins/fr.ac6.mcu.externaltools.arm-none.win32_1.17.0.201812190825/tools/compiler/bin/../lib/gcc/arm-none-eabi/7.3.1/thumb/v6-m\libgcc.a(floatsisf.o)
                0x08000aa0                __aeabi_i2f
 .text          0x08000b34       0x80 c:/ac6/systemworkbench/plugins/fr.ac6.mcu.externaltools.arm-none.win32_1.17.0.201812190825/tools/compiler/bin/../lib/gcc/arm-none-eabi/7.3.1/thumb/v6-m\libgcc.a(floatunsisf.o)
                0x08000b34                __aeabi_ui2f
 .text          0x08000bb4       0x74 c:/ac6/systemworkbench/plugins/fr.ac6.mcu.externaltools.arm-none.win32_1.17.0.201812190825/tools/compiler/bin/../lib/gcc/arm-none-eabi/7.3.1/thumb/v6-m\libgcc.a(_arm_cmpsf2.o)
                0x08000bb4                __aeabi_cfrcmple
                0x08000bbc                __aeabi_cfcmpeq
                0x08000bbc                __aeabi_cfcmple
                0x08000bcc                __aeabi_fcmpeq
                0x08000bd8                __aeabi_fcmplt
                0x08000bec                __aeabi_fcmple
                0x08000c00                __aeabi_fcmpgt
                0x08000c14                __aeabi_fcmpge
 .text          0x08000c28       0x3c c:/ac6/systemworkbench/plugins/fr.ac6.mcu.externaltools.arm-none.win32_1.17.0.201812190825/tools/compiler/bin/../lib/gcc/arm-none-eabi/7.3.1/thumb/v6-m\libgcc.a(_clzsi2.o)
                0x08000c28                __clzsi2
 .text          0x08000c64       0x50 c:/ac6/systemworkbench/plugins/fr.ac6.mcu.externaltools.arm-none.win32_1.17.0.201812190825/tools/compiler/bin/../lib/gcc/arm-none-eabi/7.3.1/thumb/v6-m\libgcc.a(eqsf2.o)
                0x08000c64                __eqsf2
                0x08000c64                __nesf2
 .text          0x08000cb4       0x9c c:/ac6/systemworkbench/plugins/fr.ac6.mcu.externaltools.arm-none.win32_1.17.0.201812190825/tools/compiler/bin/../lib/gcc/arm-none-eabi/7.3.1/thumb/v6-m\libgcc.a(gesf2.o)
                0x08000cb4                __gesf2
                0x08000cb4                __gtsf2
 .text          0x08000d50       0xa0 c:/ac6/systemworkbench/plugins/fr.ac6.mcu.externaltools.arm-none.win32_1.17.0.201812190825/tools/compiler/bin/../lib/gcc/arm-none-eabi/7.3.1/thumb/v6-m\libgcc.a(lesf2.o)
                0x08000d50                __ltsf2
                0x08000d50                __lesf2
 *(.text*)
 .text.LL_AHB1_GRP1_EnableClock
                0x08000df0       0x2c src/bemf_detection.o
 .text.LL_APB1_GRP2_EnableClock
                0x08000e1c       0x2c src/bemf_detection.o
 .text.LL_ADC_SetResolution
                0x08000e48       0x24 src/bemf_detection.o
 .text.LL_ADC_SetDataAlignment
                0x08000e6c       0x24 src/bemf_detection.o
 .text.LL_ADC_SetLowPowerMode
                0x08000e90       0x28 src/bemf_detection.o
 .text.LL_ADC_SetSamplingTimeCommonChannels
                0x08000eb8       0x24 src/bemf_detection.o
 .text.LL_ADC_REG_SetTriggerSource
                0x08000edc       0x28 src/bemf_detection.o
 .text.LL_ADC_REG_SetSequencerScanDirection
                0x08000f04       0x24 src/bemf_detection.o
 .text.LL_ADC_REG_SetSequencerDiscont
                0x08000f28       0x28 src/bemf_detection.o
 .text.LL_ADC_REG_SetSequencerChannels
                0x08000f50       0x1c src/bemf_detection.o
 .text.LL_ADC_REG_SetContinuousMode
                0x08000f6c       0x28 src/bemf_detection.o
 .text.LL_ADC_REG_SetOverrun
                0x08000f94       0x28 src/bemf_detection.o
 .text.LL_ADC_Enable
                0x08000fbc       0x24 src/bemf_detection.o
 .text.LL_ADC_Disable
                0x08000fe0       0x24 src/bemf_detection.o
 .text.LL_ADC_IsDisableOngoing
                0x08001004       0x20 src/bemf_detection.o
 .text.LL_ADC_StartCalibration
                0x08001024       0x28 src/bemf_detection.o
 .text.LL_ADC_IsCalibrationOnGoing
                0x0800104c       0x26 src/bemf_detection.o
 .text.LL_ADC_IsActiveFlag_ADRDY
                0x08001072       0x20 src/bemf_detection.o
 .text.LL_ADC_EnableIT_EOC
                0x08001092       0x1c src/bemf_detection.o
 .text.LL_ADC_DisableIT_EOC
                0x080010ae       0x1e src/bemf_detection.o
 .text.LL_GPIO_SetPinMode
                0x080010cc       0x3a src/bemf_detection.o
 .text.LL_GPIO_SetPinPull
                0x08001106       0x3a src/bemf_detection.o
 .text.LL_DMA_EnableChannel
                0x08001140       0x3c src/bemf_detection.o
 .text.LL_DMA_DisableChannel
                0x0800117c       0x3c src/bemf_detection.o
 .text.LL_DMA_ConfigTransfer
                0x080011b8       0x48 src/bemf_detection.o
 .text.LL_DMA_SetChannelPriorityLevel
                0x08001200       0x48 src/bemf_detection.o
 .text.LL_DMA_SetDataLength
                0x08001248       0x40 src/bemf_detection.o
 .text.LL_DMA_ConfigAddresses
                0x08001288       0x6c src/bemf_detection.o
 .text.adcInit  0x080012f4      0x15c src/bemf_detection.o
                0x080012f4                adcInit
 .text.dmaInit  0x08001450       0x34 src/bemf_detection.o
                0x08001450                dmaInit
 .text.dmaTransferConfig
                0x08001484       0x54 src/bemf_detection.o
                0x08001484                dmaTransferConfig
 .text.LL_GPIO_SetPinMode
                0x080014d8       0x3a src/main.o
 .text.LL_GPIO_SetPinPull
                0x08001512       0x3a src/main.o
 .text.LL_TIM_EnableCounter
                0x0800154c       0x1c src/main.o
 .text.LL_TIM_ClearFlag_UPDATE
                0x08001568       0x18 src/main.o
 .text.LL_TIM_ClearFlag_CC1
                0x08001580       0x18 src/main.o
 .text.LL_TIM_ClearFlag_CC2
                0x08001598       0x18 src/main.o
 .text.LL_TIM_IsActiveFlag_CC2
                0x080015b0       0x20 src/main.o
 .text.LL_TIM_ClearFlag_CC3
                0x080015d0       0x18 src/main.o
 .text.LL_ADC_REG_StartConversion
                0x080015e8       0x24 src/main.o
 .text.LL_DMA_ClearFlag_TC1
                0x0800160c       0x16 src/main.o
 .text.LL_DMA_ClearFlag_TC2
                0x08001622       0x16 src/main.o
 .text.main     0x08001638      0x350 src/main.o
                0x08001638                main
 .text.TIM1_Handler
                0x08001988       0x5c src/main.o
                0x08001988                TIM1_Handler
 .text.DMA1CH1_Handler
                0x080019e4       0x18 src/main.o
                0x080019e4                DMA1CH1_Handler
 .text.TIM14_Handler
                0x080019fc       0x18 src/main.o
                0x080019fc                TIM14_Handler
 .text.local_delay
                0x08001a14       0x26 src/main.o
                0x08001a14                local_delay
 .text.littleDelay
                0x08001a3a       0x22 src/main.o
                0x08001a3a                littleDelay
 .text.initDebugPot
                0x08001a5c       0x26 src/main.o
                0x08001a5c                initDebugPot
 *fill*         0x08001a82        0x2 
 .text.LL_RCC_HSE_DisableBypass
                0x08001a84       0x20 src/motor_control.o
 .text.LL_RCC_HSE_Disable
                0x08001aa4       0x20 src/motor_control.o
 .text.LL_RCC_HSE_IsReady
                0x08001ac4       0x28 src/motor_control.o
 .text.LL_RCC_HSI_Enable
                0x08001aec       0x1c src/motor_control.o
 .text.LL_RCC_HSI_IsReady
                0x08001b08       0x20 src/motor_control.o
 .text.LL_RCC_HSI14_Enable
                0x08001b28       0x1c src/motor_control.o
 .text.LL_RCC_HSI14_IsReady
                0x08001b44       0x20 src/motor_control.o
 .text.LL_RCC_SetSysClkSource
                0x08001b64       0x28 src/motor_control.o
 .text.LL_RCC_SetAHBPrescaler
                0x08001b8c       0x28 src/motor_control.o
 .text.LL_RCC_SetAPB1Prescaler
                0x08001bb4       0x2c src/motor_control.o
 .text.LL_RCC_PLL_Enable
                0x08001be0       0x1c src/motor_control.o
 .text.LL_RCC_PLL_Disable
                0x08001bfc       0x20 src/motor_control.o
 .text.LL_RCC_PLL_IsReady
                0x08001c1c       0x28 src/motor_control.o
 .text.LL_RCC_PLL_ConfigDomain_SYS
                0x08001c44       0x4c src/motor_control.o
 .text.LL_SYSCFG_SetRemapDMA_USART
                0x08001c90       0x38 src/motor_control.o
 .text.LL_SYSCFG_SetRemapDMA_ADC
                0x08001cc8       0x2c src/motor_control.o
 .text.LL_FLASH_SetLatency
                0x08001cf4       0x28 src/motor_control.o
 .text.LL_ADC_SetClock
                0x08001d1c       0x22 src/motor_control.o
 .text.LL_ADC_REG_IsConversionOngoing
                0x08001d3e       0x20 src/motor_control.o
 *fill*         0x08001d5e        0x2 
 .text.LL_AHB1_GRP1_EnableClock
                0x08001d60       0x2c src/motor_control.o
 .text.LL_APB1_GRP1_EnableClock
                0x08001d8c       0x2c src/motor_control.o
 .text.LL_APB1_GRP2_EnableClock
                0x08001db8       0x2c src/motor_control.o
 .text.LL_GPIO_SetPinMode
                0x08001de4       0x3a src/motor_control.o
 .text.LL_GPIO_SetPinOutputType
                0x08001e1e       0x2a src/motor_control.o
 .text.LL_GPIO_SetPinSpeed
                0x08001e48       0x3a src/motor_control.o
 .text.LL_GPIO_SetAFPin_0_7
                0x08001e82       0x4a src/motor_control.o
 .text.LL_GPIO_SetAFPin_8_15
                0x08001ecc       0x5a src/motor_control.o
 .text.LL_TIM_EnableCounter
                0x08001f26       0x1c src/motor_control.o
 .text.LL_TIM_DisableCounter
                0x08001f42       0x1e src/motor_control.o
 .text.LL_TIM_EnableUpdateEvent
                0x08001f60       0x1e src/motor_control.o
 .text.LL_TIM_SetCounterMode
                0x08001f7e       0x24 src/motor_control.o
 .text.LL_TIM_EnableARRPreload
                0x08001fa2       0x1c src/motor_control.o
 .text.LL_TIM_GetCounter
                0x08001fbe       0x14 src/motor_control.o
 .text.LL_TIM_SetPrescaler
                0x08001fd2       0x18 src/motor_control.o
 .text.LL_TIM_SetAutoReload
                0x08001fea       0x18 src/motor_control.o
 .text.LL_TIM_CC_EnableChannel
                0x08002002       0x1e src/motor_control.o
 .text.LL_TIM_OC_SetMode
                0x08002020       0x98 src/motor_control.o
 .text.LL_TIM_OC_SetIdleState
                0x080020b8       0x88 src/motor_control.o
 .text.LL_TIM_OC_EnableFast
                0x08002140       0x84 src/motor_control.o
 .text.LL_TIM_OC_EnablePreload
                0x080021c4       0x84 src/motor_control.o
 .text.LL_TIM_OC_SetCompareCH1
                0x08002248       0x18 src/motor_control.o
 .text.LL_TIM_OC_SetCompareCH2
                0x08002260       0x18 src/motor_control.o
 .text.LL_TIM_OC_SetCompareCH3
                0x08002278       0x18 src/motor_control.o
 .text.LL_TIM_IC_GetCaptureCH2
                0x08002290       0x14 src/motor_control.o
 .text.LL_TIM_SetClockSource
                0x080022a4       0x28 src/motor_control.o
 .text.LL_TIM_EnableAllOutputs
                0x080022cc       0x1e src/motor_control.o
 .text.LL_TIM_IsActiveFlag_CC2
                0x080022ea       0x20 src/motor_control.o
 .text.LL_TIM_GenerateEvent_UPDATE
                0x0800230a       0x1c src/motor_control.o
 *fill*         0x08002326        0x2 
 .text.outAHighSetDuty
                0x08002328       0x60 src/motor_control.o
                0x08002328                outAHighSetDuty
 .text.outBHighSetDuty
                0x08002388       0x60 src/motor_control.o
                0x08002388                outBHighSetDuty
 .text.outCHighSetDuty
                0x080023e8       0x68 src/motor_control.o
                0x080023e8                outCHighSetDuty
 .text.outALowSetState
                0x08002450       0x44 src/motor_control.o
                0x08002450                outALowSetState
 .text.outBLowSetState
                0x08002494       0x44 src/motor_control.o
                0x08002494                outBLowSetState
 .text.outCLowSetState
                0x080024d8       0x44 src/motor_control.o
                0x080024d8                outCLowSetState
 .text.clkInit  0x0800251c       0x94 src/motor_control.o
                0x0800251c                clkInit
 .text.gpioInit
                0x080025b0      0x144 src/motor_control.o
                0x080025b0                gpioInit
 .text.ramp_up_timer_init
                0x080026f4       0x60 src/motor_control.o
                0x080026f4                ramp_up_timer_init
 .text.pwmInit  0x08002754       0x16 src/motor_control.o
                0x08002754                pwmInit
 *fill*         0x0800276a        0x2 
 .text.tim1CH1Init
                0x0800276c       0xc4 src/motor_control.o
                0x0800276c                tim1CH1Init
 .text.tim1CH2Init
                0x08002830       0x64 src/motor_control.o
                0x08002830                tim1CH2Init
 .text.tim1CH3Init
                0x08002894       0x70 src/motor_control.o
                0x08002894                tim1CH3Init
 .text.pwm_input_init
                0x08002904       0xc8 src/motor_control.o
                0x08002904                pwm_input_init
 .text.pwm_input_read
                0x080029cc       0x5c src/motor_control.o
                0x080029cc                pwm_input_read
 .text.motor_init
                0x08002a28      0x130 src/motor_control.o
                0x08002a28                motor_init
 .text.motor_high_z
                0x08002b58       0x2e src/motor_control.o
                0x08002b58                motor_high_z
 *fill*         0x08002b86        0x2 
 .text.ramp_up  0x08002b88      0x650 src/motor_control.o
                0x08002b88                ramp_up
 .text.motor_zc_detection
                0x080031d8      0x240 src/motor_control.o
                0x080031d8                motor_zc_detection
 .text.motor_update
                0x08003418      0x14c src/motor_control.o
                0x08003418                motor_update
 .text.motor_rampup_zc
                0x08003564      0x250 src/motor_control.o
                0x08003564                motor_rampup_zc
 .text.SysTick_Handler
                0x080037b4       0x12 src/stm32f0xx_it.o
                0x080037b4                SysTick_Handler
 .text.TIM1_CC_IRQHandler
                0x080037c6        0xe src/stm32f0xx_it.o
                0x080037c6                TIM1_CC_IRQHandler
 .text.DMA1_CH1_IRQHandler
                0x080037d4        0xe src/stm32f0xx_it.o
                0x080037d4                DMA1_CH1_IRQHandler
 .text.TIM14_IRQHandler
                0x080037e2        0xe src/stm32f0xx_it.o
                0x080037e2                TIM14_IRQHandler
 .text.SystemInit
                0x080037f0       0x88 src/system_stm32f0xx.o
                0x080037f0                SystemInit
 .text.LL_GPIO_SetPinMode
                0x08003878       0x3a src/uart_utils.o
 .text.LL_GPIO_SetAFPin_0_7
                0x080038b2       0x4a src/uart_utils.o
 .text.LL_USART_Enable
                0x080038fc       0x1c src/uart_utils.o
 .text.LL_USART_Disable
                0x08003918       0x1e src/uart_utils.o
 .text.LL_USART_EnableDirectionRx
                0x08003936       0x1c src/uart_utils.o
 .text.LL_USART_EnableDirectionTx
                0x08003952       0x1c src/uart_utils.o
 *fill*         0x0800396e        0x2 
 .text.LL_USART_SetOverSampling
                0x08003970       0x28 src/uart_utils.o
 .text.LL_USART_SetBaudRate
                0x08003998       0x74 src/uart_utils.o
 .text.LL_USART_IsActiveFlag_TC
                0x08003a0c       0x20 src/uart_utils.o
 .text.LL_USART_IsActiveFlag_BUSY
                0x08003a2c       0x2c src/uart_utils.o
 .text.LL_USART_EnableDMAReq_TX
                0x08003a58       0x1c src/uart_utils.o
 .text.LL_DMA_EnableChannel
                0x08003a74       0x3c src/uart_utils.o
 .text.LL_DMA_DisableChannel
                0x08003ab0       0x3c src/uart_utils.o
 .text.LL_DMA_ConfigTransfer
                0x08003aec       0x48 src/uart_utils.o
 .text.LL_DMA_SetChannelPriorityLevel
                0x08003b34       0x48 src/uart_utils.o
 .text.LL_DMA_SetDataLength
                0x08003b7c       0x40 src/uart_utils.o
 .text.LL_DMA_ConfigAddresses
                0x08003bbc       0x6c src/uart_utils.o
 .text.LL_DMA_IsActiveFlag_TC2
                0x08003c28       0x20 src/uart_utils.o
 .text.LL_DMA_ClearFlag_TC2
                0x08003c48       0x16 src/uart_utils.o
 *fill*         0x08003c5e        0x2 
 .text.LL_AHB1_GRP1_EnableClock
                0x08003c60       0x2c src/uart_utils.o
 .text.LL_APB1_GRP2_EnableClock
                0x08003c8c       0x2c src/uart_utils.o
 .text.uartInit
                0x08003cb8       0xc8 src/uart_utils.o
                0x08003cb8                uartInit
 .text.uartDMAInit
                0x08003d80       0x3c src/uart_utils.o
                0x08003d80                uartDMAInit
 .text.uartDMATransfer
                0x08003dbc       0x54 src/uart_utils.o
                0x08003dbc                uartDMATransfer
 .text.my_itoa  0x08003e10       0x4c src/uart_utils.o
                0x08003e10                my_itoa
 .text.debug_uart_print
                0x08003e5c      0x100 src/uart_utils.o
                0x08003e5c                debug_uart_print
 .text.Reset_Handler
                0x08003f5c       0x50 startup/startup_stm32.o
                0x08003f5c                Reset_Handler
 .text.Default_Handler
                0x08003fac        0x2 startup/startup_stm32.o
                0x08003fac                HardFault_Handler
                0x08003fac                TIM6_IRQHandler
                0x08003fac                PVD_IRQHandler
                0x08003fac                PendSV_Handler
                0x08003fac                NMI_Handler
                0x08003fac                I2C1_IRQHandler
                0x08003fac                SPI1_IRQHandler
                0x08003fac                EXTI2_3_IRQHandler
                0x08003fac                I2C2_IRQHandler
                0x08003fac                TIM17_IRQHandler
                0x08003fac                RTC_IRQHandler
                0x08003fac                TIM16_IRQHandler
                0x08003fac                TIM3_IRQHandler
                0x08003fac                EXTI4_15_IRQHandler
                0x08003fac                RCC_IRQHandler
                0x08003fac                Default_Handler
                0x08003fac                ADC_IRQHandler
                0x08003fac                DMA1_CH2_3_IRQHandler
                0x08003fac                TIM15_IRQHandler
                0x08003fac                EXTI0_1_IRQHandler
                0x08003fac                USB_IRQHandler
                0x08003fac                SPI2_IRQHandler
                0x08003fac                SVC_Handler
                0x08003fac                DMA1_CH4_5_IRQHandler
                0x08003fac                WWDG_IRQHandler
                0x08003fac                USART2_IRQHandler
                0x08003fac                FLASH_IRQHandler
                0x08003fac                USART1_IRQHandler
                0x08003fac                TIM1_BRK_UP_TRG_COM_IRQHandler
                0x08003fac                USART3_4_5_6_IRQHandler
 *fill*         0x08003fae        0x2 
 .text.HAL_Init
                0x08003fb0       0x28 F:\WorkSpace\SW4STM32\stm32f030brkout_32qfp_hal_lib\Debug\libstm32f030brkout_32qfp_hal_lib.a(stm32f0xx_hal.o)
                0x08003fb0                HAL_Init
 .text.HAL_MspInit
                0x08003fd8        0xa F:\WorkSpace\SW4STM32\stm32f030brkout_32qfp_hal_lib\Debug\libstm32f030brkout_32qfp_hal_lib.a(stm32f0xx_hal.o)
                0x08003fd8                HAL_MspInit
 .text.HAL_InitTick
                0x08003fe2       0x38 F:\WorkSpace\SW4STM32\stm32f030brkout_32qfp_hal_lib\Debug\libstm32f030brkout_32qfp_hal_lib.a(stm32f0xx_hal.o)
                0x08003fe2                HAL_InitTick
 *fill*         0x0800401a        0x2 
 .text.HAL_IncTick
                0x0800401c       0x18 F:\WorkSpace\SW4STM32\stm32f030brkout_32qfp_hal_lib\Debug\libstm32f030brkout_32qfp_hal_lib.a(stm32f0xx_hal.o)
                0x0800401c                HAL_IncTick
 .text.NVIC_EnableIRQ
                0x08004034       0x2c F:\WorkSpace\SW4STM32\stm32f030brkout_32qfp_hal_lib\Debug\libstm32f030brkout_32qfp_hal_lib.a(stm32f0xx_hal_cortex.o)
 .text.NVIC_DisableIRQ
                0x08004060       0x30 F:\WorkSpace\SW4STM32\stm32f030brkout_32qfp_hal_lib\Debug\libstm32f030brkout_32qfp_hal_lib.a(stm32f0xx_hal_cortex.o)
 .text.NVIC_SetPriority
                0x08004090       0xdc F:\WorkSpace\SW4STM32\stm32f030brkout_32qfp_hal_lib\Debug\libstm32f030brkout_32qfp_hal_lib.a(stm32f0xx_hal_cortex.o)
 .text.SysTick_Config
                0x0800416c       0x48 F:\WorkSpace\SW4STM32\stm32f030brkout_32qfp_hal_lib\Debug\libstm32f030brkout_32qfp_hal_lib.a(stm32f0xx_hal_cortex.o)
 .text.HAL_NVIC_SetPriority
                0x080041b4       0x2a F:\WorkSpace\SW4STM32\stm32f030brkout_32qfp_hal_lib\Debug\libstm32f030brkout_32qfp_hal_lib.a(stm32f0xx_hal_cortex.o)
                0x080041b4                HAL_NVIC_SetPriority
 .text.HAL_NVIC_EnableIRQ
                0x080041de       0x20 F:\WorkSpace\SW4STM32\stm32f030brkout_32qfp_hal_lib\Debug\libstm32f030brkout_32qfp_hal_lib.a(stm32f0xx_hal_cortex.o)
                0x080041de                HAL_NVIC_EnableIRQ
 .text.HAL_NVIC_DisableIRQ
                0x080041fe       0x20 F:\WorkSpace\SW4STM32\stm32f030brkout_32qfp_hal_lib\Debug\libstm32f030brkout_32qfp_hal_lib.a(stm32f0xx_hal_cortex.o)
                0x080041fe                HAL_NVIC_DisableIRQ
 .text.HAL_SYSTICK_Config
                0x0800421e       0x1a F:\WorkSpace\SW4STM32\stm32f030brkout_32qfp_hal_lib\Debug\libstm32f030brkout_32qfp_hal_lib.a(stm32f0xx_hal_cortex.o)
                0x0800421e                HAL_SYSTICK_Config
 .text.HAL_SYSTICK_IRQHandler
                0x08004238        0xe F:\WorkSpace\SW4STM32\stm32f030brkout_32qfp_hal_lib\Debug\libstm32f030brkout_32qfp_hal_lib.a(stm32f0xx_hal_cortex.o)
                0x08004238                HAL_SYSTICK_IRQHandler
 .text.HAL_SYSTICK_Callback
                0x08004246        0xa F:\WorkSpace\SW4STM32\stm32f030brkout_32qfp_hal_lib\Debug\libstm32f030brkout_32qfp_hal_lib.a(stm32f0xx_hal_cortex.o)
                0x08004246                HAL_SYSTICK_Callback
 .text.HAL_RCC_GetHCLKFreq
                0x08004250       0x14 F:\WorkSpace\SW4STM32\stm32f030brkout_32qfp_hal_lib\Debug\libstm32f030brkout_32qfp_hal_lib.a(stm32f0xx_hal_rcc.o)
                0x08004250                HAL_RCC_GetHCLKFreq
 .text.__libc_init_array
                0x08004264       0x48 c:/ac6/systemworkbench/plugins/fr.ac6.mcu.externaltools.arm-none.win32_1.17.0.201812190825/tools/compiler/bin/../lib/gcc/arm-none-eabi/7.3.1/../../../../arm-none-eabi/lib/thumb/v6-m\libc.a(lib_a-init.o)
                0x08004264                __libc_init_array
 .text.memcpy   0x080042ac       0x88 c:/ac6/systemworkbench/plugins/fr.ac6.mcu.externaltools.arm-none.win32_1.17.0.201812190825/tools/compiler/bin/../lib/gcc/arm-none-eabi/7.3.1/../../../../arm-none-eabi/lib/thumb/v6-m\libc.a(lib_a-memcpy-stub.o)
                0x080042ac                memcpy
 .text.strcat   0x08004334       0x50 c:/ac6/systemworkbench/plugins/fr.ac6.mcu.externaltools.arm-none.win32_1.17.0.201812190825/tools/compiler/bin/../lib/gcc/arm-none-eabi/7.3.1/../../../../arm-none-eabi/lib/thumb/v6-m\libc.a(lib_a-strcat.o)
                0x08004334                strcat
 .text.strcpy   0x08004384       0x10 c:/ac6/systemworkbench/plugins/fr.ac6.mcu.externaltools.arm-none.win32_1.17.0.201812190825/tools/compiler/bin/../lib/gcc/arm-none-eabi/7.3.1/../../../../arm-none-eabi/lib/thumb/v6-m\libc.a(lib_a-strcpy.o)
                0x08004384                strcpy
 .text.strlen   0x08004394       0x64 c:/ac6/systemworkbench/plugins/fr.ac6.mcu.externaltools.arm-none.win32_1.17.0.201812190825/tools/compiler/bin/../lib/gcc/arm-none-eabi/7.3.1/../../../../arm-none-eabi/lib/thumb/v6-m\libc.a(lib_a-strlen-stub.o)
                0x08004394                strlen
 .text.startup.register_fini
                0x080043f8       0x18 c:/ac6/systemworkbench/plugins/fr.ac6.mcu.externaltools.arm-none.win32_1.17.0.201812190825/tools/compiler/bin/../lib/gcc/arm-none-eabi/7.3.1/../../../../arm-none-eabi/lib/thumb/v6-m\libc.a(lib_a-__call_atexit.o)
 .text.atexit   0x08004410       0x10 c:/ac6/systemworkbench/plugins/fr.ac6.mcu.externaltools.arm-none.win32_1.17.0.201812190825/tools/compiler/bin/../lib/gcc/arm-none-eabi/7.3.1/../../../../arm-none-eabi/lib/thumb/v6-m\libc.a(lib_a-atexit.o)
                0x08004410                atexit
 .text.__libc_fini_array
                0x08004420       0x34 c:/ac6/systemworkbench/plugins/fr.ac6.mcu.externaltools.arm-none.win32_1.17.0.201812190825/tools/compiler/bin/../lib/gcc/arm-none-eabi/7.3.1/../../../../arm-none-eabi/lib/thumb/v6-m\libc.a(lib_a-fini.o)
                0x08004420                __libc_fini_array
 .text.__retarget_lock_acquire_recursive
                0x08004454        0x4 c:/ac6/systemworkbench/plugins/fr.ac6.mcu.externaltools.arm-none.win32_1.17.0.201812190825/tools/compiler/bin/../lib/gcc/arm-none-eabi/7.3.1/../../../../arm-none-eabi/lib/thumb/v6-m\libc.a(lib_a-lock.o)
                0x08004454                __retarget_lock_acquire_recursive
 .text.__retarget_lock_release_recursive
                0x08004458        0x4 c:/ac6/systemworkbench/plugins/fr.ac6.mcu.externaltools.arm-none.win32_1.17.0.201812190825/tools/compiler/bin/../lib/gcc/arm-none-eabi/7.3.1/../../../../arm-none-eabi/lib/thumb/v6-m\libc.a(lib_a-lock.o)
                0x08004458                __retarget_lock_release_recursive
 .text.__register_exitproc
                0x0800445c       0xf4 c:/ac6/systemworkbench/plugins/fr.ac6.mcu.externaltools.arm-none.win32_1.17.0.201812190825/tools/compiler/bin/../lib/gcc/arm-none-eabi/7.3.1/../../../../arm-none-eabi/lib/thumb/v6-m\libc.a(lib_a-__atexit.o)
                0x0800445c                __register_exitproc
 *(.glue_7)
 .glue_7        0x08004550        0x0 linker stubs
 *(.glue_7t)
 .glue_7t       0x08004550        0x0 linker stubs
 *(.eh_frame)
 .eh_frame      0x08004550        0x0 c:/ac6/systemworkbench/plugins/fr.ac6.mcu.externaltools.arm-none.win32_1.17.0.201812190825/tools/compiler/bin/../lib/gcc/arm-none-eabi/7.3.1/thumb/v6-m/crtbegin.o
 *(.init)
 .init          0x08004550        0x4 c:/ac6/systemworkbench/plugins/fr.ac6.mcu.externaltools.arm-none.win32_1.17.0.201812190825/tools/compiler/bin/../lib/gcc/arm-none-eabi/7.3.1/thumb/v6-m/crti.o
                0x08004550                _init
 .init          0x08004554        0x8 c:/ac6/systemworkbench/plugins/fr.ac6.mcu.externaltools.arm-none.win32_1.17.0.201812190825/tools/compiler/bin/../lib/gcc/arm-none-eabi/7.3.1/thumb/v6-m/crtn.o
 *(.fini)
 .fini          0x0800455c        0x4 c:/ac6/systemworkbench/plugins/fr.ac6.mcu.externaltools.arm-none.win32_1.17.0.201812190825/tools/compiler/bin/../lib/gcc/arm-none-eabi/7.3.1/thumb/v6-m/crti.o
                0x0800455c                _fini
 .fini          0x08004560        0x8 c:/ac6/systemworkbench/plugins/fr.ac6.mcu.externaltools.arm-none.win32_1.17.0.201812190825/tools/compiler/bin/../lib/gcc/arm-none-eabi/7.3.1/thumb/v6-m/crtn.o
                0x08004568                . = ALIGN (0x4)
                0x08004568                _etext = .

.vfp11_veneer   0x08004568        0x0
 .vfp11_veneer  0x08004568        0x0 linker stubs

.v4_bx          0x08004568        0x0
 .v4_bx         0x08004568        0x0 linker stubs

.iplt           0x08004568        0x0
 .iplt          0x08004568        0x0 c:/ac6/systemworkbench/plugins/fr.ac6.mcu.externaltools.arm-none.win32_1.17.0.201812190825/tools/compiler/bin/../lib/gcc/arm-none-eabi/7.3.1/thumb/v6-m/crtbegin.o

.rodata         0x08004568      0x3c8
                0x08004568                . = ALIGN (0x4)
 *(.rodata)
 .rodata        0x08004568       0x2d src/bemf_detection.o
 *fill*         0x08004595        0x3 
 .rodata        0x08004598       0x32 src/main.o
 *fill*         0x080045ca        0x2 
 .rodata        0x080045cc      0x28c src/motor_control.o
 .rodata        0x08004858       0x13 src/uart_utils.o
 *fill*         0x0800486b        0x1 
 .rodata        0x0800486c       0x80 c:/ac6/systemworkbench/plugins/fr.ac6.mcu.externaltools.arm-none.win32_1.17.0.201812190825/tools/compiler/bin/../lib/gcc/arm-none-eabi/7.3.1/thumb/v6-m\libgcc.a(divsf3.o)
 .rodata        0x080048ec       0x40 c:/ac6/systemworkbench/plugins/fr.ac6.mcu.externaltools.arm-none.win32_1.17.0.201812190825/tools/compiler/bin/../lib/gcc/arm-none-eabi/7.3.1/thumb/v6-m\libgcc.a(mulsf3.o)
 *(.rodata*)
 .rodata._global_impure_ptr
                0x0800492c        0x4 c:/ac6/systemworkbench/plugins/fr.ac6.mcu.externaltools.arm-none.win32_1.17.0.201812190825/tools/compiler/bin/../lib/gcc/arm-none-eabi/7.3.1/../../../../arm-none-eabi/lib/thumb/v6-m\libc.a(lib_a-impure.o)
                0x0800492c                _global_impure_ptr
                0x08004930                . = ALIGN (0x4)

.rel.dyn        0x08004930        0x0
 .rel.iplt      0x08004930        0x0 c:/ac6/systemworkbench/plugins/fr.ac6.mcu.externaltools.arm-none.win32_1.17.0.201812190825/tools/compiler/bin/../lib/gcc/arm-none-eabi/7.3.1/thumb/v6-m/crtbegin.o

.ARM.extab      0x08004930        0x0
                0x08004930                . = ALIGN (0x4)
 *(.ARM.extab* .gnu.linkonce.armextab.*)
                0x08004930                . = ALIGN (0x4)

.ARM            0x08004930        0x0
                0x08004930                . = ALIGN (0x4)
                0x08004930                __exidx_start = .
 *(.ARM.exidx*)
                0x08004930                __exidx_end = .
                0x08004930                . = ALIGN (0x4)

.preinit_array  0x08004930        0x0
                0x08004930                . = ALIGN (0x4)
                0x08004930                PROVIDE (__preinit_array_start = .)
 *(.preinit_array*)
                0x08004930                PROVIDE (__preinit_array_end = .)
                0x08004930                . = ALIGN (0x4)

.init_array     0x08004930        0x8
                0x08004930                . = ALIGN (0x4)
                0x08004930                PROVIDE (__init_array_start = .)
 *(SORT_BY_NAME(.init_array.*))
 .init_array.00000
                0x08004930        0x4 c:/ac6/systemworkbench/plugins/fr.ac6.mcu.externaltools.arm-none.win32_1.17.0.201812190825/tools/compiler/bin/../lib/gcc/arm-none-eabi/7.3.1/../../../../arm-none-eabi/lib/thumb/v6-m\libc.a(lib_a-__call_atexit.o)
 *(.init_array*)
 .init_array    0x08004934        0x4 c:/ac6/systemworkbench/plugins/fr.ac6.mcu.externaltools.arm-none.win32_1.17.0.201812190825/tools/compiler/bin/../lib/gcc/arm-none-eabi/7.3.1/thumb/v6-m/crtbegin.o
                0x08004938                PROVIDE (__init_array_end = .)
                0x08004938                . = ALIGN (0x4)

.fini_array     0x08004938        0x4
                0x08004938                . = ALIGN (0x4)
                0x08004938                PROVIDE (__fini_array_start = .)
 *(SORT_BY_NAME(.fini_array.*))
 *(.fini_array*)
 .fini_array    0x08004938        0x4 c:/ac6/systemworkbench/plugins/fr.ac6.mcu.externaltools.arm-none.win32_1.17.0.201812190825/tools/compiler/bin/../lib/gcc/arm-none-eabi/7.3.1/thumb/v6-m/crtbegin.o
                0x0800493c                PROVIDE (__fini_array_end = .)
                0x0800493c                . = ALIGN (0x4)
                0x0800493c                _sidata = LOADADDR (.data)

.data           0x20000000      0x444 load address 0x0800493c
                0x20000000                . = ALIGN (0x4)
                0x20000000                _sdata = .
 *(.data)
 .data          0x20000000        0xf src/main.o
                0x20000000                state
                0x20000002                upper_limit
                0x20000004                lower_limit
                0x20000008                comma
                0x2000000c                endLine
 *fill*         0x2000000f        0x1 
 .data          0x20000010        0x4 src/system_stm32f0xx.o
                0x20000010                SystemCoreClock
 *(.data*)
 *fill*         0x20000014        0x4 
 .data.impure_data
                0x20000018      0x428 c:/ac6/systemworkbench/plugins/fr.ac6.mcu.externaltools.arm-none.win32_1.17.0.201812190825/tools/compiler/bin/../lib/gcc/arm-none-eabi/7.3.1/../../../../arm-none-eabi/lib/thumb/v6-m\libc.a(lib_a-impure.o)
 .data.__atexit_recursive_mutex
                0x20000440        0x4 c:/ac6/systemworkbench/plugins/fr.ac6.mcu.externaltools.arm-none.win32_1.17.0.201812190825/tools/compiler/bin/../lib/gcc/arm-none-eabi/7.3.1/../../../../arm-none-eabi/lib/thumb/v6-m\libc.a(lib_a-__call_atexit.o)
                0x20000440                __atexit_recursive_mutex
                0x20000444                . = ALIGN (0x4)
                0x20000444                _edata = .

.igot.plt       0x20000444        0x0 load address 0x08004d80
 .igot.plt      0x20000444        0x0 c:/ac6/systemworkbench/plugins/fr.ac6.mcu.externaltools.arm-none.win32_1.17.0.201812190825/tools/compiler/bin/../lib/gcc/arm-none-eabi/7.3.1/thumb/v6-m/crtbegin.o
                0x20000444                . = ALIGN (0x4)

.bss            0x20000444       0x88 load address 0x08004d80
                0x20000444                _sbss = .
                0x20000444                __bss_start__ = _sbss
 *(.bss)
 .bss           0x20000444       0x1c c:/ac6/systemworkbench/plugins/fr.ac6.mcu.externaltools.arm-none.win32_1.17.0.201812190825/tools/compiler/bin/../lib/gcc/arm-none-eabi/7.3.1/thumb/v6-m/crtbegin.o
 .bss           0x20000460       0x28 src/main.o
                0x20000460                timer_duty
                0x20000464                prev_timer_duty
                0x20000468                fdty
                0x2000046c                controlState
                0x2000046d                prevControlState
                0x2000046e                adcA
                0x20000470                adcB
                0x20000472                adcC
                0x20000474                adcAPrint
                0x20000476                adcBPrint
                0x20000478                adcCPrint
                0x2000047a                antAdcA
                0x2000047c                antAdcB
                0x2000047e                antAdcC
                0x20000480                prvState
                0x20000484                uartDataDelay
 .bss           0x20000488        0xc src/uart_utils.o
 *(.bss*)
 *(COMMON)
 COMMON         0x20000494       0x10 src/main.o
                0x20000494                adc_v
                0x200004a0                dty
 COMMON         0x200004a4        0x4 F:\WorkSpace\SW4STM32\stm32f030brkout_32qfp_hal_lib\Debug\libstm32f030brkout_32qfp_hal_lib.a(stm32f0xx_hal.o)
                0x200004a4                uwTick
 COMMON         0x200004a8       0x21 c:/ac6/systemworkbench/plugins/fr.ac6.mcu.externaltools.arm-none.win32_1.17.0.201812190825/tools/compiler/bin/../lib/gcc/arm-none-eabi/7.3.1/../../../../arm-none-eabi/lib/thumb/v6-m\libc.a(lib_a-lock.o)
                0x200004a8                __lock___atexit_recursive_mutex
                0x200004ac                __lock___arc4random_mutex
                0x200004b0                __lock___env_recursive_mutex
                0x200004b4                __lock___sinit_recursive_mutex
                0x200004b8                __lock___malloc_recursive_mutex
                0x200004bc                __lock___at_quick_exit_mutex
                0x200004c0                __lock___dd_hash_mutex
                0x200004c4                __lock___tz_mutex
                0x200004c8                __lock___sfp_recursive_mutex
                0x200004cc                . = ALIGN (0x4)
 *fill*         0x200004c9        0x3 
                0x200004cc                _ebss = .
                0x200004cc                __bss_end__ = _ebss

._user_heap_stack
                0x200004cc      0x404 load address 0x08004d80
                0x200004d0                . = ALIGN (0x8)
 *fill*         0x200004cc        0x4 
                0x200004d0                PROVIDE (end = .)
                [!provide]                PROVIDE (_end = .)
                0x200004d0                . = (. + _Min_Heap_Size)
                0x200008d0                . = (. + _Min_Stack_Size)
 *fill*         0x200004d0      0x400 
                0x200008d0                . = ALIGN (0x8)

/DISCARD/
 libc.a(*)
 libm.a(*)
 libgcc.a(*)

.ARM.attributes
                0x00000000       0x28
 *(.ARM.attributes)
 .ARM.attributes
                0x00000000       0x1e c:/ac6/systemworkbench/plugins/fr.ac6.mcu.externaltools.arm-none.win32_1.17.0.201812190825/tools/compiler/bin/../lib/gcc/arm-none-eabi/7.3.1/thumb/v6-m/crti.o
 .ARM.attributes
                0x0000001e       0x2c c:/ac6/systemworkbench/plugins/fr.ac6.mcu.externaltools.arm-none.win32_1.17.0.201812190825/tools/compiler/bin/../lib/gcc/arm-none-eabi/7.3.1/thumb/v6-m/crtbegin.o
 .ARM.attributes
                0x0000004a       0x31 src/bemf_detection.o
 .ARM.attributes
                0x0000007b       0x31 src/main.o
 .ARM.attributes
                0x000000ac       0x31 src/motor_control.o
 .ARM.attributes
                0x000000dd       0x31 src/stm32f0xx_it.o
 .ARM.attributes
                0x0000010e       0x31 src/system_stm32f0xx.o
 .ARM.attributes
                0x0000013f       0x31 src/uart_utils.o
 .ARM.attributes
                0x00000170       0x21 startup/startup_stm32.o
 .ARM.attributes
                0x00000191       0x31 F:\WorkSpace\SW4STM32\stm32f030brkout_32qfp_hal_lib\Debug\libstm32f030brkout_32qfp_hal_lib.a(stm32f0xx_hal.o)
 .ARM.attributes
                0x000001c2       0x31 F:\WorkSpace\SW4STM32\stm32f030brkout_32qfp_hal_lib\Debug\libstm32f030brkout_32qfp_hal_lib.a(stm32f0xx_hal_cortex.o)
 .ARM.attributes
                0x000001f3       0x31 F:\WorkSpace\SW4STM32\stm32f030brkout_32qfp_hal_lib\Debug\libstm32f030brkout_32qfp_hal_lib.a(stm32f0xx_hal_rcc.o)
 .ARM.attributes
                0x00000224       0x1e c:/ac6/systemworkbench/plugins/fr.ac6.mcu.externaltools.arm-none.win32_1.17.0.201812190825/tools/compiler/bin/../lib/gcc/arm-none-eabi/7.3.1/thumb/v6-m\libgcc.a(_udivsi3.o)
 .ARM.attributes
                0x00000242       0x1e c:/ac6/systemworkbench/plugins/fr.ac6.mcu.externaltools.arm-none.win32_1.17.0.201812190825/tools/compiler/bin/../lib/gcc/arm-none-eabi/7.3.1/thumb/v6-m\libgcc.a(_dvmd_tls.o)
 .ARM.attributes
                0x00000260       0x2c c:/ac6/systemworkbench/plugins/fr.ac6.mcu.externaltools.arm-none.win32_1.17.0.201812190825/tools/compiler/bin/../lib/gcc/arm-none-eabi/7.3.1/thumb/v6-m\libgcc.a(_fixunssfsi.o)
 .ARM.attributes
                0x0000028c       0x2c c:/ac6/systemworkbench/plugins/fr.ac6.mcu.externaltools.arm-none.win32_1.17.0.201812190825/tools/compiler/bin/../lib/gcc/arm-none-eabi/7.3.1/thumb/v6-m\libgcc.a(divsf3.o)
 .ARM.attributes
                0x000002b8       0x2c c:/ac6/systemworkbench/plugins/fr.ac6.mcu.externaltools.arm-none.win32_1.17.0.201812190825/tools/compiler/bin/../lib/gcc/arm-none-eabi/7.3.1/thumb/v6-m\libgcc.a(mulsf3.o)
 .ARM.attributes
                0x000002e4       0x2c c:/ac6/systemworkbench/plugins/fr.ac6.mcu.externaltools.arm-none.win32_1.17.0.201812190825/tools/compiler/bin/../lib/gcc/arm-none-eabi/7.3.1/thumb/v6-m\libgcc.a(subsf3.o)
 .ARM.attributes
                0x00000310       0x2c c:/ac6/systemworkbench/plugins/fr.ac6.mcu.externaltools.arm-none.win32_1.17.0.201812190825/tools/compiler/bin/../lib/gcc/arm-none-eabi/7.3.1/thumb/v6-m\libgcc.a(fixsfsi.o)
 .ARM.attributes
                0x0000033c       0x2c c:/ac6/systemworkbench/plugins/fr.ac6.mcu.externaltools.arm-none.win32_1.17.0.201812190825/tools/compiler/bin/../lib/gcc/arm-none-eabi/7.3.1/thumb/v6-m\libgcc.a(floatsisf.o)
 .ARM.attributes
                0x00000368       0x2c c:/ac6/systemworkbench/plugins/fr.ac6.mcu.externaltools.arm-none.win32_1.17.0.201812190825/tools/compiler/bin/../lib/gcc/arm-none-eabi/7.3.1/thumb/v6-m\libgcc.a(floatunsisf.o)
 .ARM.attributes
                0x00000394       0x1e c:/ac6/systemworkbench/plugins/fr.ac6.mcu.externaltools.arm-none.win32_1.17.0.201812190825/tools/compiler/bin/../lib/gcc/arm-none-eabi/7.3.1/thumb/v6-m\libgcc.a(_arm_cmpsf2.o)
 .ARM.attributes
                0x000003b2       0x1e c:/ac6/systemworkbench/plugins/fr.ac6.mcu.externaltools.arm-none.win32_1.17.0.201812190825/tools/compiler/bin/../lib/gcc/arm-none-eabi/7.3.1/thumb/v6-m\libgcc.a(_clzsi2.o)
 .ARM.attributes
                0x000003d0       0x2c c:/ac6/systemworkbench/plugins/fr.ac6.mcu.externaltools.arm-none.win32_1.17.0.201812190825/tools/compiler/bin/../lib/gcc/arm-none-eabi/7.3.1/thumb/v6-m\libgcc.a(eqsf2.o)
 .ARM.attributes
                0x000003fc       0x2c c:/ac6/systemworkbench/plugins/fr.ac6.mcu.externaltools.arm-none.win32_1.17.0.201812190825/tools/compiler/bin/../lib/gcc/arm-none-eabi/7.3.1/thumb/v6-m\libgcc.a(gesf2.o)
 .ARM.attributes
                0x00000428       0x2c c:/ac6/systemworkbench/plugins/fr.ac6.mcu.externaltools.arm-none.win32_1.17.0.201812190825/tools/compiler/bin/../lib/gcc/arm-none-eabi/7.3.1/thumb/v6-m\libgcc.a(lesf2.o)
 .ARM.attributes
                0x00000454       0x2c c:/ac6/systemworkbench/plugins/fr.ac6.mcu.externaltools.arm-none.win32_1.17.0.201812190825/tools/compiler/bin/../lib/gcc/arm-none-eabi/7.3.1/../../../../arm-none-eabi/lib/thumb/v6-m\libc.a(lib_a-impure.o)
 .ARM.attributes
                0x00000480       0x2c c:/ac6/systemworkbench/plugins/fr.ac6.mcu.externaltools.arm-none.win32_1.17.0.201812190825/tools/compiler/bin/../lib/gcc/arm-none-eabi/7.3.1/../../../../arm-none-eabi/lib/thumb/v6-m\libc.a(lib_a-init.o)
 .ARM.attributes
                0x000004ac       0x2c c:/ac6/systemworkbench/plugins/fr.ac6.mcu.externaltools.arm-none.win32_1.17.0.201812190825/tools/compiler/bin/../lib/gcc/arm-none-eabi/7.3.1/../../../../arm-none-eabi/lib/thumb/v6-m\libc.a(lib_a-memcpy-stub.o)
 .ARM.attributes
                0x000004d8       0x2c c:/ac6/systemworkbench/plugins/fr.ac6.mcu.externaltools.arm-none.win32_1.17.0.201812190825/tools/compiler/bin/../lib/gcc/arm-none-eabi/7.3.1/../../../../arm-none-eabi/lib/thumb/v6-m\libc.a(lib_a-strcat.o)
 .ARM.attributes
                0x00000504       0x2c c:/ac6/systemworkbench/plugins/fr.ac6.mcu.externaltools.arm-none.win32_1.17.0.201812190825/tools/compiler/bin/../lib/gcc/arm-none-eabi/7.3.1/../../../../arm-none-eabi/lib/thumb/v6-m\libc.a(lib_a-strcpy.o)
 .ARM.attributes
                0x00000530       0x2c c:/ac6/systemworkbench/plugins/fr.ac6.mcu.externaltools.arm-none.win32_1.17.0.201812190825/tools/compiler/bin/../lib/gcc/arm-none-eabi/7.3.1/../../../../arm-none-eabi/lib/thumb/v6-m\libc.a(lib_a-strlen-stub.o)
 .ARM.attributes
                0x0000055c       0x2c c:/ac6/systemworkbench/plugins/fr.ac6.mcu.externaltools.arm-none.win32_1.17.0.201812190825/tools/compiler/bin/../lib/gcc/arm-none-eabi/7.3.1/../../../../arm-none-eabi/lib/thumb/v6-m\libc.a(lib_a-__call_atexit.o)
 .ARM.attributes
                0x00000588       0x2c c:/ac6/systemworkbench/plugins/fr.ac6.mcu.externaltools.arm-none.win32_1.17.0.201812190825/tools/compiler/bin/../lib/gcc/arm-none-eabi/7.3.1/../../../../arm-none-eabi/lib/thumb/v6-m\libc.a(lib_a-atexit.o)
 .ARM.attributes
                0x000005b4       0x2c c:/ac6/systemworkbench/plugins/fr.ac6.mcu.externaltools.arm-none.win32_1.17.0.201812190825/tools/compiler/bin/../lib/gcc/arm-none-eabi/7.3.1/../../../../arm-none-eabi/lib/thumb/v6-m\libc.a(lib_a-fini.o)
 .ARM.attributes
                0x000005e0       0x2c c:/ac6/systemworkbench/plugins/fr.ac6.mcu.externaltools.arm-none.win32_1.17.0.201812190825/tools/compiler/bin/../lib/gcc/arm-none-eabi/7.3.1/../../../../arm-none-eabi/lib/thumb/v6-m\libc.a(lib_a-lock.o)
 .ARM.attributes
                0x0000060c       0x2c c:/ac6/systemworkbench/plugins/fr.ac6.mcu.externaltools.arm-none.win32_1.17.0.201812190825/tools/compiler/bin/../lib/gcc/arm-none-eabi/7.3.1/../../../../arm-none-eabi/lib/thumb/v6-m\libc.a(lib_a-__atexit.o)
 .ARM.attributes
                0x00000638       0x1e c:/ac6/systemworkbench/plugins/fr.ac6.mcu.externaltools.arm-none.win32_1.17.0.201812190825/tools/compiler/bin/../lib/gcc/arm-none-eabi/7.3.1/thumb/v6-m/crtn.o
OUTPUT(F030_BLDCControl.elf elf32-littlearm)

.debug_info     0x00000000     0x97a2
 .debug_info    0x00000000     0x1293 src/bemf_detection.o
 .debug_info    0x00001293     0x1213 src/main.o
 .debug_info    0x000024a6     0x1dc2 src/motor_control.o
 .debug_info    0x00004268      0x959 src/stm32f0xx_it.o
 .debug_info    0x00004bc1      0xa70 src/system_stm32f0xx.o
 .debug_info    0x00005631     0x150d src/uart_utils.o
 .debug_info    0x00006b3e       0x22 startup/startup_stm32.o
 .debug_info    0x00006b60      0xdaa F:\WorkSpace\SW4STM32\stm32f030brkout_32qfp_hal_lib\Debug\libstm32f030brkout_32qfp_hal_lib.a(stm32f0xx_hal.o)
 .debug_info    0x0000790a      0xf01 F:\WorkSpace\SW4STM32\stm32f030brkout_32qfp_hal_lib\Debug\libstm32f030brkout_32qfp_hal_lib.a(stm32f0xx_hal_cortex.o)
 .debug_info    0x0000880b      0xf97 F:\WorkSpace\SW4STM32\stm32f030brkout_32qfp_hal_lib\Debug\libstm32f030brkout_32qfp_hal_lib.a(stm32f0xx_hal_rcc.o)

.debug_abbrev   0x00000000     0x18bb
 .debug_abbrev  0x00000000      0x27c src/bemf_detection.o
 .debug_abbrev  0x0000027c      0x2ed src/main.o
 .debug_abbrev  0x00000569      0x399 src/motor_control.o
 .debug_abbrev  0x00000902      0x1aa src/stm32f0xx_it.o
 .debug_abbrev  0x00000aac      0x205 src/system_stm32f0xx.o
 .debug_abbrev  0x00000cb1      0x35a src/uart_utils.o
 .debug_abbrev  0x0000100b       0x12 startup/startup_stm32.o
 .debug_abbrev  0x0000101d      0x2a3 F:\WorkSpace\SW4STM32\stm32f030brkout_32qfp_hal_lib\Debug\libstm32f030brkout_32qfp_hal_lib.a(stm32f0xx_hal.o)
 .debug_abbrev  0x000012c0      0x33d F:\WorkSpace\SW4STM32\stm32f030brkout_32qfp_hal_lib\Debug\libstm32f030brkout_32qfp_hal_lib.a(stm32f0xx_hal_cortex.o)
 .debug_abbrev  0x000015fd      0x2be F:\WorkSpace\SW4STM32\stm32f030brkout_32qfp_hal_lib\Debug\libstm32f030brkout_32qfp_hal_lib.a(stm32f0xx_hal_rcc.o)

.debug_aranges  0x00000000      0x7c0
 .debug_aranges
                0x00000000      0x110 src/bemf_detection.o
 .debug_aranges
                0x00000110       0xa8 src/main.o
 .debug_aranges
                0x000001b8      0x258 src/motor_control.o
 .debug_aranges
                0x00000410       0x38 src/stm32f0xx_it.o
 .debug_aranges
                0x00000448       0x28 src/system_stm32f0xx.o
 .debug_aranges
                0x00000470      0x130 src/uart_utils.o
 .debug_aranges
                0x000005a0       0x28 startup/startup_stm32.o
 .debug_aranges
                0x000005c8       0xb8 F:\WorkSpace\SW4STM32\stm32f030brkout_32qfp_hal_lib\Debug\libstm32f030brkout_32qfp_hal_lib.a(stm32f0xx_hal.o)
 .debug_aranges
                0x00000680       0xc0 F:\WorkSpace\SW4STM32\stm32f030brkout_32qfp_hal_lib\Debug\libstm32f030brkout_32qfp_hal_lib.a(stm32f0xx_hal_cortex.o)
 .debug_aranges
                0x00000740       0x80 F:\WorkSpace\SW4STM32\stm32f030brkout_32qfp_hal_lib\Debug\libstm32f030brkout_32qfp_hal_lib.a(stm32f0xx_hal_rcc.o)

.debug_ranges   0x00000000      0x728
 .debug_ranges  0x00000000      0x100 src/bemf_detection.o
 .debug_ranges  0x00000100       0x98 src/main.o
 .debug_ranges  0x00000198      0x248 src/motor_control.o
 .debug_ranges  0x000003e0       0x28 src/stm32f0xx_it.o
 .debug_ranges  0x00000408       0x18 src/system_stm32f0xx.o
 .debug_ranges  0x00000420      0x120 src/uart_utils.o
 .debug_ranges  0x00000540       0x20 startup/startup_stm32.o
 .debug_ranges  0x00000560       0xa8 F:\WorkSpace\SW4STM32\stm32f030brkout_32qfp_hal_lib\Debug\libstm32f030brkout_32qfp_hal_lib.a(stm32f0xx_hal.o)
 .debug_ranges  0x00000608       0xb0 F:\WorkSpace\SW4STM32\stm32f030brkout_32qfp_hal_lib\Debug\libstm32f030brkout_32qfp_hal_lib.a(stm32f0xx_hal_cortex.o)
 .debug_ranges  0x000006b8       0x70 F:\WorkSpace\SW4STM32\stm32f030brkout_32qfp_hal_lib\Debug\libstm32f030brkout_32qfp_hal_lib.a(stm32f0xx_hal_rcc.o)

.debug_macro    0x00000000    0x111c6
 .debug_macro   0x00000000      0x439 src/bemf_detection.o
 .debug_macro   0x00000439      0xa5a src/bemf_detection.o
 .debug_macro   0x00000e93       0x28 src/bemf_detection.o
 .debug_macro   0x00000ebb       0x22 src/bemf_detection.o
 .debug_macro   0x00000edd       0x22 src/bemf_detection.o
 .debug_macro   0x00000eff       0x8e src/bemf_detection.o
 .debug_macro   0x00000f8d       0x51 src/bemf_detection.o
 .debug_macro   0x00000fde       0xef src/bemf_detection.o
 .debug_macro   0x000010cd       0x6a src/bemf_detection.o
 .debug_macro   0x00001137      0x1df src/bemf_detection.o
 .debug_macro   0x00001316       0x34 src/bemf_detection.o
 .debug_macro   0x0000134a       0x26 src/bemf_detection.o
 .debug_macro   0x00001370      0x30d src/bemf_detection.o
 .debug_macro   0x0000167d     0x6ed0 src/bemf_detection.o
 .debug_macro   0x0000854d       0x3c src/bemf_detection.o
 .debug_macro   0x00008589      0x117 src/bemf_detection.o
 .debug_macro   0x000086a0       0x5e src/bemf_detection.o
 .debug_macro   0x000086fe       0x18 src/bemf_detection.o
 .debug_macro   0x00008716       0x35 src/bemf_detection.o
 .debug_macro   0x0000874b       0x34 src/bemf_detection.o
 .debug_macro   0x0000877f       0x16 src/bemf_detection.o
 .debug_macro   0x00008795       0x97 src/bemf_detection.o
 .debug_macro   0x0000882c      0x330 src/bemf_detection.o
 .debug_macro   0x00008b5c       0xfd src/bemf_detection.o
 .debug_macro   0x00008c59       0x10 src/bemf_detection.o
 .debug_macro   0x00008c69       0x58 src/bemf_detection.o
 .debug_macro   0x00008cc1       0x1f src/bemf_detection.o
 .debug_macro   0x00008ce0       0x43 src/bemf_detection.o
 .debug_macro   0x00008d23       0x20 src/bemf_detection.o
 .debug_macro   0x00008d43      0x18e src/bemf_detection.o
 .debug_macro   0x00008ed1       0x10 src/bemf_detection.o
 .debug_macro   0x00008ee1       0x1c src/bemf_detection.o
 .debug_macro   0x00008efd       0x52 src/bemf_detection.o
 .debug_macro   0x00008f4f       0x40 src/bemf_detection.o
 .debug_macro   0x00008f8f       0x10 src/bemf_detection.o
 .debug_macro   0x00008f9f       0x40 src/bemf_detection.o
 .debug_macro   0x00008fdf       0xd7 src/bemf_detection.o
 .debug_macro   0x000090b6       0x1c src/bemf_detection.o
 .debug_macro   0x000090d2       0x3d src/bemf_detection.o
 .debug_macro   0x0000910f       0x16 src/bemf_detection.o
 .debug_macro   0x00009125      0x16f src/bemf_detection.o
 .debug_macro   0x00009294       0x50 src/bemf_detection.o
 .debug_macro   0x000092e4      0x92f src/bemf_detection.o
 .debug_macro   0x00009c13       0xe5 src/bemf_detection.o
 .debug_macro   0x00009cf8      0x13a src/bemf_detection.o
 .debug_macro   0x00009e32       0xb3 src/bemf_detection.o
 .debug_macro   0x00009ee5      0x1ed src/bemf_detection.o
 .debug_macro   0x0000a0d2       0x34 src/bemf_detection.o
 .debug_macro   0x0000a106       0x43 src/bemf_detection.o
 .debug_macro   0x0000a149       0x28 src/bemf_detection.o
 .debug_macro   0x0000a171      0x33d src/bemf_detection.o
 .debug_macro   0x0000a4ae       0xbc src/bemf_detection.o
 .debug_macro   0x0000a56a       0x81 src/bemf_detection.o
 .debug_macro   0x0000a5eb       0x5a src/bemf_detection.o
 .debug_macro   0x0000a645       0x12 src/bemf_detection.o
 .debug_macro   0x0000a657       0xb6 src/bemf_detection.o
 .debug_macro   0x0000a70d      0x15a src/bemf_detection.o
 .debug_macro   0x0000a867      0x202 src/bemf_detection.o
 .debug_macro   0x0000aa69       0x61 src/bemf_detection.o
 .debug_macro   0x0000aaca       0x90 src/bemf_detection.o
 .debug_macro   0x0000ab5a       0x87 src/bemf_detection.o
 .debug_macro   0x0000abe1       0x4d src/bemf_detection.o
 .debug_macro   0x0000ac2e       0x2d src/bemf_detection.o
 .debug_macro   0x0000ac5b      0x2e2 src/bemf_detection.o
 .debug_macro   0x0000af3d      0x2ad src/bemf_detection.o
 .debug_macro   0x0000b1ea       0xdd src/bemf_detection.o
 .debug_macro   0x0000b2c7      0x356 src/bemf_detection.o
 .debug_macro   0x0000b61d      0x2f0 src/bemf_detection.o
 .debug_macro   0x0000b90d      0x845 src/bemf_detection.o
 .debug_macro   0x0000c152       0x45 src/bemf_detection.o
 .debug_macro   0x0000c197      0x37c src/bemf_detection.o
 .debug_macro   0x0000c513      0x156 src/bemf_detection.o
 .debug_macro   0x0000c669      0x1d1 src/bemf_detection.o
 .debug_macro   0x0000c83a       0x87 src/bemf_detection.o
 .debug_macro   0x0000c8c1       0x89 src/bemf_detection.o
 .debug_macro   0x0000c94a       0xea src/bemf_detection.o
 .debug_macro   0x0000ca34      0x3f7 src/bemf_detection.o
 .debug_macro   0x0000ce2b       0xad src/bemf_detection.o
 .debug_macro   0x0000ced8      0x5ba src/bemf_detection.o
 .debug_macro   0x0000d492      0x12c src/bemf_detection.o
 .debug_macro   0x0000d5be      0x59d src/bemf_detection.o
 .debug_macro   0x0000db5b      0x20e src/bemf_detection.o
 .debug_macro   0x0000dd69      0x4c2 src/main.o
 .debug_macro   0x0000e22b      0x248 src/main.o
 .debug_macro   0x0000e473       0x10 src/main.o
 .debug_macro   0x0000e483       0x1c src/main.o
 .debug_macro   0x0000e49f       0x16 src/main.o
 .debug_macro   0x0000e4b5       0x35 src/main.o
 .debug_macro   0x0000e4ea       0x16 src/main.o
 .debug_macro   0x0000e500       0x29 src/main.o
 .debug_macro   0x0000e529       0x22 src/main.o
 .debug_macro   0x0000e54b       0x16 src/main.o
 .debug_macro   0x0000e561      0x44c src/motor_control.o
 .debug_macro   0x0000e9ad      0x3f1 src/motor_control.o
 .debug_macro   0x0000ed9e      0x17d src/motor_control.o
 .debug_macro   0x0000ef1b      0x3ff src/stm32f0xx_it.o
 .debug_macro   0x0000f31a      0x3f5 src/system_stm32f0xx.o
 .debug_macro   0x0000f70f      0x42c src/uart_utils.o
 .debug_macro   0x0000fb3b      0x419 F:\WorkSpace\SW4STM32\stm32f030brkout_32qfp_hal_lib\Debug\libstm32f030brkout_32qfp_hal_lib.a(stm32f0xx_hal.o)
 .debug_macro   0x0000ff54      0xa48 F:\WorkSpace\SW4STM32\stm32f030brkout_32qfp_hal_lib\Debug\libstm32f030brkout_32qfp_hal_lib.a(stm32f0xx_hal.o)
 .debug_macro   0x0001099c       0x2e F:\WorkSpace\SW4STM32\stm32f030brkout_32qfp_hal_lib\Debug\libstm32f030brkout_32qfp_hal_lib.a(stm32f0xx_hal.o)
 .debug_macro   0x000109ca      0x3f5 F:\WorkSpace\SW4STM32\stm32f030brkout_32qfp_hal_lib\Debug\libstm32f030brkout_32qfp_hal_lib.a(stm32f0xx_hal_cortex.o)
 .debug_macro   0x00010dbf      0x407 F:\WorkSpace\SW4STM32\stm32f030brkout_32qfp_hal_lib\Debug\libstm32f030brkout_32qfp_hal_lib.a(stm32f0xx_hal_rcc.o)

.debug_line     0x00000000     0x6ef1
 .debug_line    0x00000000      0xc96 src/bemf_detection.o
 .debug_line    0x00000c96      0xc68 src/main.o
 .debug_line    0x000018fe     0x13ec src/motor_control.o
 .debug_line    0x00002cea      0x99f src/stm32f0xx_it.o
 .debug_line    0x00003689      0x966 src/system_stm32f0xx.o
 .debug_line    0x00003fef      0xd62 src/uart_utils.o
 .debug_line    0x00004d51       0x7c startup/startup_stm32.o
 .debug_line    0x00004dcd      0xaa6 F:\WorkSpace\SW4STM32\stm32f030brkout_32qfp_hal_lib\Debug\libstm32f030brkout_32qfp_hal_lib.a(stm32f0xx_hal.o)
 .debug_line    0x00005873      0xaf8 F:\WorkSpace\SW4STM32\stm32f030brkout_32qfp_hal_lib\Debug\libstm32f030brkout_32qfp_hal_lib.a(stm32f0xx_hal_cortex.o)
 .debug_line    0x0000636b      0xb86 F:\WorkSpace\SW4STM32\stm32f030brkout_32qfp_hal_lib\Debug\libstm32f030brkout_32qfp_hal_lib.a(stm32f0xx_hal_rcc.o)

.debug_str      0x00000000    0x5f65e
 .debug_str     0x00000000    0x5c434 src/bemf_detection.o
                              0x5ca1c (size before relaxing)
 .debug_str     0x0005c434     0x122a src/main.o
                              0x5b8f0 (size before relaxing)
 .debug_str     0x0005d65e     0x132f src/motor_control.o
                              0x5db5c (size before relaxing)
 .debug_str     0x0005e98d       0x70 src/stm32f0xx_it.o
                              0x52395 (size before relaxing)
 .debug_str     0x0005e9fd       0x5a src/system_stm32f0xx.o
                              0x523d2 (size before relaxing)
 .debug_str     0x0005ea57      0x30d src/uart_utils.o
                              0x54f46 (size before relaxing)
 .debug_str     0x0005ed64       0x29 startup/startup_stm32.o
                                 0x56 (size before relaxing)
 .debug_str     0x0005ed8d      0x3a1 F:\WorkSpace\SW4STM32\stm32f030brkout_32qfp_hal_lib\Debug\libstm32f030brkout_32qfp_hal_lib.a(stm32f0xx_hal.o)
                              0x5284a (size before relaxing)
 .debug_str     0x0005f12e      0x1e6 F:\WorkSpace\SW4STM32\stm32f030brkout_32qfp_hal_lib\Debug\libstm32f030brkout_32qfp_hal_lib.a(stm32f0xx_hal_cortex.o)
                              0x52734 (size before relaxing)
 .debug_str     0x0005f314      0x34a F:\WorkSpace\SW4STM32\stm32f030brkout_32qfp_hal_lib\Debug\libstm32f030brkout_32qfp_hal_lib.a(stm32f0xx_hal_rcc.o)
                              0x52798 (size before relaxing)

.comment        0x00000000       0x7f
 .comment       0x00000000       0x7f src/bemf_detection.o
                                 0x80 (size before relaxing)
 .comment       0x0000007f       0x80 src/main.o
 .comment       0x0000007f       0x80 src/motor_control.o
 .comment       0x0000007f       0x80 src/stm32f0xx_it.o
 .comment       0x0000007f       0x80 src/system_stm32f0xx.o
 .comment       0x0000007f       0x80 src/uart_utils.o
 .comment       0x0000007f       0x80 F:\WorkSpace\SW4STM32\stm32f030brkout_32qfp_hal_lib\Debug\libstm32f030brkout_32qfp_hal_lib.a(stm32f0xx_hal.o)
 .comment       0x0000007f       0x80 F:\WorkSpace\SW4STM32\stm32f030brkout_32qfp_hal_lib\Debug\libstm32f030brkout_32qfp_hal_lib.a(stm32f0xx_hal_cortex.o)
 .comment       0x0000007f       0x80 F:\WorkSpace\SW4STM32\stm32f030brkout_32qfp_hal_lib\Debug\libstm32f030brkout_32qfp_hal_lib.a(stm32f0xx_hal_rcc.o)

.debug_frame    0x00000000     0x1f28
 .debug_frame   0x00000000      0x3e8 src/bemf_detection.o
 .debug_frame   0x000003e8      0x240 src/main.o
 .debug_frame   0x00000628      0x8e4 src/motor_control.o
 .debug_frame   0x00000f0c       0x80 src/stm32f0xx_it.o
 .debug_frame   0x00000f8c       0x4c src/system_stm32f0xx.o
 .debug_frame   0x00000fd8      0x47c src/uart_utils.o
 .debug_frame   0x00001454      0x248 F:\WorkSpace\SW4STM32\stm32f030brkout_32qfp_hal_lib\Debug\libstm32f030brkout_32qfp_hal_lib.a(stm32f0xx_hal.o)
 .debug_frame   0x0000169c      0x2a0 F:\WorkSpace\SW4STM32\stm32f030brkout_32qfp_hal_lib\Debug\libstm32f030brkout_32qfp_hal_lib.a(stm32f0xx_hal_cortex.o)
 .debug_frame   0x0000193c      0x194 F:\WorkSpace\SW4STM32\stm32f030brkout_32qfp_hal_lib\Debug\libstm32f030brkout_32qfp_hal_lib.a(stm32f0xx_hal_rcc.o)
 .debug_frame   0x00001ad0       0x20 c:/ac6/systemworkbench/plugins/fr.ac6.mcu.externaltools.arm-none.win32_1.17.0.201812190825/tools/compiler/bin/../lib/gcc/arm-none-eabi/7.3.1/thumb/v6-m\libgcc.a(_udivsi3.o)
 .debug_frame   0x00001af0       0x28 c:/ac6/systemworkbench/plugins/fr.ac6.mcu.externaltools.arm-none.win32_1.17.0.201812190825/tools/compiler/bin/../lib/gcc/arm-none-eabi/7.3.1/thumb/v6-m\libgcc.a(_fixunssfsi.o)
 .debug_frame   0x00001b18       0x3c c:/ac6/systemworkbench/plugins/fr.ac6.mcu.externaltools.arm-none.win32_1.17.0.201812190825/tools/compiler/bin/../lib/gcc/arm-none-eabi/7.3.1/thumb/v6-m\libgcc.a(divsf3.o)
 .debug_frame   0x00001b54       0x3c c:/ac6/systemworkbench/plugins/fr.ac6.mcu.externaltools.arm-none.win32_1.17.0.201812190825/tools/compiler/bin/../lib/gcc/arm-none-eabi/7.3.1/thumb/v6-m\libgcc.a(mulsf3.o)
 .debug_frame   0x00001b90       0x38 c:/ac6/systemworkbench/plugins/fr.ac6.mcu.externaltools.arm-none.win32_1.17.0.201812190825/tools/compiler/bin/../lib/gcc/arm-none-eabi/7.3.1/thumb/v6-m\libgcc.a(subsf3.o)
 .debug_frame   0x00001bc8       0x20 c:/ac6/systemworkbench/plugins/fr.ac6.mcu.externaltools.arm-none.win32_1.17.0.201812190825/tools/compiler/bin/../lib/gcc/arm-none-eabi/7.3.1/thumb/v6-m\libgcc.a(fixsfsi.o)
 .debug_frame   0x00001be8       0x2c c:/ac6/systemworkbench/plugins/fr.ac6.mcu.externaltools.arm-none.win32_1.17.0.201812190825/tools/compiler/bin/../lib/gcc/arm-none-eabi/7.3.1/thumb/v6-m\libgcc.a(floatsisf.o)
 .debug_frame   0x00001c14       0x2c c:/ac6/systemworkbench/plugins/fr.ac6.mcu.externaltools.arm-none.win32_1.17.0.201812190825/tools/compiler/bin/../lib/gcc/arm-none-eabi/7.3.1/thumb/v6-m\libgcc.a(floatunsisf.o)
 .debug_frame   0x00001c40       0x2c c:/ac6/systemworkbench/plugins/fr.ac6.mcu.externaltools.arm-none.win32_1.17.0.201812190825/tools/compiler/bin/../lib/gcc/arm-none-eabi/7.3.1/thumb/v6-m\libgcc.a(eqsf2.o)
 .debug_frame   0x00001c6c       0x2c c:/ac6/systemworkbench/plugins/fr.ac6.mcu.externaltools.arm-none.win32_1.17.0.201812190825/tools/compiler/bin/../lib/gcc/arm-none-eabi/7.3.1/thumb/v6-m\libgcc.a(gesf2.o)
 .debug_frame   0x00001c98       0x2c c:/ac6/systemworkbench/plugins/fr.ac6.mcu.externaltools.arm-none.win32_1.17.0.201812190825/tools/compiler/bin/../lib/gcc/arm-none-eabi/7.3.1/thumb/v6-m\libgcc.a(lesf2.o)
 .debug_frame   0x00001cc4       0x2c c:/ac6/systemworkbench/plugins/fr.ac6.mcu.externaltools.arm-none.win32_1.17.0.201812190825/tools/compiler/bin/../lib/gcc/arm-none-eabi/7.3.1/../../../../arm-none-eabi/lib/thumb/v6-m\libc.a(lib_a-init.o)
 .debug_frame   0x00001cf0       0x30 c:/ac6/systemworkbench/plugins/fr.ac6.mcu.externaltools.arm-none.win32_1.17.0.201812190825/tools/compiler/bin/../lib/gcc/arm-none-eabi/7.3.1/../../../../arm-none-eabi/lib/thumb/v6-m\libc.a(lib_a-memcpy-stub.o)
 .debug_frame   0x00001d20       0x2c c:/ac6/systemworkbench/plugins/fr.ac6.mcu.externaltools.arm-none.win32_1.17.0.201812190825/tools/compiler/bin/../lib/gcc/arm-none-eabi/7.3.1/../../../../arm-none-eabi/lib/thumb/v6-m\libc.a(lib_a-strcat.o)
 .debug_frame   0x00001d4c       0x20 c:/ac6/systemworkbench/plugins/fr.ac6.mcu.externaltools.arm-none.win32_1.17.0.201812190825/tools/compiler/bin/../lib/gcc/arm-none-eabi/7.3.1/../../../../arm-none-eabi/lib/thumb/v6-m\libc.a(lib_a-strcpy.o)
 .debug_frame   0x00001d6c       0x28 c:/ac6/systemworkbench/plugins/fr.ac6.mcu.externaltools.arm-none.win32_1.17.0.201812190825/tools/compiler/bin/../lib/gcc/arm-none-eabi/7.3.1/../../../../arm-none-eabi/lib/thumb/v6-m\libc.a(lib_a-strlen-stub.o)
 .debug_frame   0x00001d94       0x54 c:/ac6/systemworkbench/plugins/fr.ac6.mcu.externaltools.arm-none.win32_1.17.0.201812190825/tools/compiler/bin/../lib/gcc/arm-none-eabi/7.3.1/../../../../arm-none-eabi/lib/thumb/v6-m\libc.a(lib_a-__call_atexit.o)
 .debug_frame   0x00001de8       0x28 c:/ac6/systemworkbench/plugins/fr.ac6.mcu.externaltools.arm-none.win32_1.17.0.201812190825/tools/compiler/bin/../lib/gcc/arm-none-eabi/7.3.1/../../../../arm-none-eabi/lib/thumb/v6-m\libc.a(lib_a-atexit.o)
 .debug_frame   0x00001e10       0x2c c:/ac6/systemworkbench/plugins/fr.ac6.mcu.externaltools.arm-none.win32_1.17.0.201812190825/tools/compiler/bin/../lib/gcc/arm-none-eabi/7.3.1/../../../../arm-none-eabi/lib/thumb/v6-m\libc.a(lib_a-fini.o)
 .debug_frame   0x00001e3c       0xb0 c:/ac6/systemworkbench/plugins/fr.ac6.mcu.externaltools.arm-none.win32_1.17.0.201812190825/tools/compiler/bin/../lib/gcc/arm-none-eabi/7.3.1/../../../../arm-none-eabi/lib/thumb/v6-m\libc.a(lib_a-lock.o)
 .debug_frame   0x00001eec       0x3c c:/ac6/systemworkbench/plugins/fr.ac6.mcu.externaltools.arm-none.win32_1.17.0.201812190825/tools/compiler/bin/../lib/gcc/arm-none-eabi/7.3.1/../../../../arm-none-eabi/lib/thumb/v6-m\libc.a(lib_a-__atexit.o)
