Archive member included to satisfy reference by file (symbol)

F:\WorkSpace\SW4STM32\stm32f030brkout_32qfp_hal_lib\Release\libstm32f030brkout_32qfp_hal_lib.a(stm32f0xx_hal.o)
                              src/main.o (HAL_Init)
F:\WorkSpace\SW4STM32\stm32f030brkout_32qfp_hal_lib\Release\libstm32f030brkout_32qfp_hal_lib.a(stm32f0xx_hal_cortex.o)
                              src/main.o (HAL_NVIC_SetPriority)
F:\WorkSpace\SW4STM32\stm32f030brkout_32qfp_hal_lib\Release\libstm32f030brkout_32qfp_hal_lib.a(stm32f0xx_hal_rcc.o)
                              F:\WorkSpace\SW4STM32\stm32f030brkout_32qfp_hal_lib\Release\libstm32f030brkout_32qfp_hal_lib.a(stm32f0xx_hal.o) (HAL_RCC_GetHCLKFreq)
F:\WorkSpace\SW4STM32\stm32f030brkout_32qfp_hal_lib\Release\libstm32f030brkout_32qfp_hal_lib.a(stm32f0xx_hal_gpio.o)
                              F:\WorkSpace\SW4STM32\stm32f030brkout_32qfp_hal_lib\Release\libstm32f030brkout_32qfp_hal_lib.a(stm32f0xx_hal_rcc.o) (HAL_GPIO_Init)
c:/ac6/systemworkbench/plugins/fr.ac6.mcu.externaltools.arm-none.win32_1.17.0.201812190825/tools/compiler/bin/../lib/gcc/arm-none-eabi/7.3.1/thumb/v6-m\libgcc.a(_udivsi3.o)
                              src/system_stm32f0xx.o (__aeabi_uidiv)
c:/ac6/systemworkbench/plugins/fr.ac6.mcu.externaltools.arm-none.win32_1.17.0.201812190825/tools/compiler/bin/../lib/gcc/arm-none-eabi/7.3.1/thumb/v6-m\libgcc.a(_divsi3.o)
                              src/system_stm32f0xx.o (__aeabi_idiv)
c:/ac6/systemworkbench/plugins/fr.ac6.mcu.externaltools.arm-none.win32_1.17.0.201812190825/tools/compiler/bin/../lib/gcc/arm-none-eabi/7.3.1/thumb/v6-m\libgcc.a(_dvmd_tls.o)
                              c:/ac6/systemworkbench/plugins/fr.ac6.mcu.externaltools.arm-none.win32_1.17.0.201812190825/tools/compiler/bin/../lib/gcc/arm-none-eabi/7.3.1/thumb/v6-m\libgcc.a(_udivsi3.o) (__aeabi_idiv0)
c:/ac6/systemworkbench/plugins/fr.ac6.mcu.externaltools.arm-none.win32_1.17.0.201812190825/tools/compiler/bin/../lib/gcc/arm-none-eabi/7.3.1/thumb/v6-m\libgcc.a(_fixunssfsi.o)
                              src/main.o (__aeabi_f2uiz)
c:/ac6/systemworkbench/plugins/fr.ac6.mcu.externaltools.arm-none.win32_1.17.0.201812190825/tools/compiler/bin/../lib/gcc/arm-none-eabi/7.3.1/thumb/v6-m\libgcc.a(addsf3.o)
                              src/main.o (__aeabi_fadd)
c:/ac6/systemworkbench/plugins/fr.ac6.mcu.externaltools.arm-none.win32_1.17.0.201812190825/tools/compiler/bin/../lib/gcc/arm-none-eabi/7.3.1/thumb/v6-m\libgcc.a(divsf3.o)
                              src/main.o (__aeabi_fdiv)
c:/ac6/systemworkbench/plugins/fr.ac6.mcu.externaltools.arm-none.win32_1.17.0.201812190825/tools/compiler/bin/../lib/gcc/arm-none-eabi/7.3.1/thumb/v6-m\libgcc.a(mulsf3.o)
                              src/main.o (__aeabi_fmul)
c:/ac6/systemworkbench/plugins/fr.ac6.mcu.externaltools.arm-none.win32_1.17.0.201812190825/tools/compiler/bin/../lib/gcc/arm-none-eabi/7.3.1/thumb/v6-m\libgcc.a(subsf3.o)
                              src/main.o (__aeabi_fsub)
c:/ac6/systemworkbench/plugins/fr.ac6.mcu.externaltools.arm-none.win32_1.17.0.201812190825/tools/compiler/bin/../lib/gcc/arm-none-eabi/7.3.1/thumb/v6-m\libgcc.a(fixsfsi.o)
                              c:/ac6/systemworkbench/plugins/fr.ac6.mcu.externaltools.arm-none.win32_1.17.0.201812190825/tools/compiler/bin/../lib/gcc/arm-none-eabi/7.3.1/thumb/v6-m\libgcc.a(_fixunssfsi.o) (__aeabi_f2iz)
c:/ac6/systemworkbench/plugins/fr.ac6.mcu.externaltools.arm-none.win32_1.17.0.201812190825/tools/compiler/bin/../lib/gcc/arm-none-eabi/7.3.1/thumb/v6-m\libgcc.a(floatsisf.o)
                              src/main.o (__aeabi_i2f)
c:/ac6/systemworkbench/plugins/fr.ac6.mcu.externaltools.arm-none.win32_1.17.0.201812190825/tools/compiler/bin/../lib/gcc/arm-none-eabi/7.3.1/thumb/v6-m\libgcc.a(floatunsisf.o)
                              src/main.o (__aeabi_ui2f)
c:/ac6/systemworkbench/plugins/fr.ac6.mcu.externaltools.arm-none.win32_1.17.0.201812190825/tools/compiler/bin/../lib/gcc/arm-none-eabi/7.3.1/thumb/v6-m\libgcc.a(adddf3.o)
                              src/main.o (__aeabi_dadd)
c:/ac6/systemworkbench/plugins/fr.ac6.mcu.externaltools.arm-none.win32_1.17.0.201812190825/tools/compiler/bin/../lib/gcc/arm-none-eabi/7.3.1/thumb/v6-m\libgcc.a(muldf3.o)
                              src/main.o (__aeabi_dmul)
c:/ac6/systemworkbench/plugins/fr.ac6.mcu.externaltools.arm-none.win32_1.17.0.201812190825/tools/compiler/bin/../lib/gcc/arm-none-eabi/7.3.1/thumb/v6-m\libgcc.a(extendsfdf2.o)
                              src/main.o (__aeabi_f2d)
c:/ac6/systemworkbench/plugins/fr.ac6.mcu.externaltools.arm-none.win32_1.17.0.201812190825/tools/compiler/bin/../lib/gcc/arm-none-eabi/7.3.1/thumb/v6-m\libgcc.a(truncdfsf2.o)
                              src/main.o (__aeabi_d2f)
c:/ac6/systemworkbench/plugins/fr.ac6.mcu.externaltools.arm-none.win32_1.17.0.201812190825/tools/compiler/bin/../lib/gcc/arm-none-eabi/7.3.1/thumb/v6-m\libgcc.a(_arm_cmpsf2.o)
[...]
Memory Configuration

Name             Origin             Length             Attributes
RAM              0x20000000         0x00001000         xrw
ROM              0x08000000         0x00008000         xr
*default*        0x00000000         0xffffffff

Linker script and memory map

LOAD c:/ac6/systemworkbench/plugins/fr.ac6.mcu.externaltools.arm-none.win32_1.17.0.201812190825/tools/compiler/bin/../lib/gcc/arm-none-eabi/7.3.1/thumb/v6-m/crti.o
LOAD c:/ac6/systemworkbench/plugins/fr.ac6.mcu.externaltools.arm-none.win32_1.17.0.201812190825/tools/compiler/bin/../lib/gcc/arm-none-eabi/7.3.1/thumb/v6-m/crtbegin.o
LOAD c:/ac6/systemworkbench/plugins/fr.ac6.mcu.externaltools.arm-none.win32_1.17.0.201812190825/tools/compiler/bin/../lib/gcc/arm-none-eabi/7.3.1/../../../../arm-none-eabi/lib/thumb/v6-m/crt0.o
LOAD src/bemf_detection.o
LOAD src/main.o
LOAD src/motor_control.o
LOAD src/stm32f0xx_it.o
LOAD src/syscalls.o
LOAD src/system_stm32f0xx.o
LOAD src/uart_utils.o
LOAD startup/startup_stm32.o
LOAD F:\WorkSpace\SW4STM32\stm32f030brkout_32qfp_hal_lib\Release\libstm32f030brkout_32qfp_hal_lib.a
LOAD c:/ac6/systemworkbench/plugins/fr.ac6.mcu.externaltools.arm-none.win32_1.17.0.201812190825/tools/compiler/bin/../lib/gcc/arm-none-eabi/7.3.1/../../../../arm-none-eabi/lib/thumb/v6-m\libm.a
START GROUP
LOAD c:/ac6/systemworkbench/plugins/fr.ac6.mcu.externaltools.arm-none.win32_1.17.0.201812190825/tools/compiler/bin/../lib/gcc/arm-none-eabi/7.3.1/thumb/v6-m\libgcc.a
LOAD c:/ac6/systemworkbench/plugins/fr.ac6.mcu.externaltools.arm-none.win32_1.17.0.201812190825/tools/compiler/bin/../lib/gcc/arm-none-eabi/7.3.1/../../../../arm-none-eabi/lib/thumb/v6-m\libc.a
END GROUP
LOAD c:/ac6/systemworkbench/plugins/fr.ac6.mcu.externaltools.arm-none.win32_1.17.0.201812190825/tools/compiler/bin/../lib/gcc/arm-none-eabi/7.3.1/thumb/v6-m/crtend.o
LOAD c:/ac6/systemworkbench/plugins/fr.ac6.mcu.externaltools.arm-none.win32_1.17.0.201812190825/tools/compiler/bin/../lib/gcc/arm-none-eabi/7.3.1/thumb/v6-m/crtn.o
                0x20001000                _estack = 0x20001000
                0x00000000                _Min_Heap_Size = 0x0
                0x00000400                _Min_Stack_Size = 0x400

.isr_vector     0x08000000       0xc0
                0x08000000                . = ALIGN (0x4)
 *(.isr_vector)
 .isr_vector    0x08000000       0xc0 startup/startup_stm32.o
                0x08000000                g_pfnVectors
                0x080000c0                . = ALIGN (0x4)

.text           0x080000c0     0x3b6c
                0x080000c0                . = ALIGN (0x4)
 *(.text)
 .text          0x080000c0       0x48 c:/ac6/systemworkbench/plugins/fr.ac6.mcu.externaltools.arm-none.win32_1.17.0.201812190825/tools/compiler/bin/../lib/gcc/arm-none-eabi/7.3.1/thumb/v6-m/crtbegin.o
 .text          0x08000108      0x114 c:/ac6/systemworkbench/plugins/fr.ac6.mcu.externaltools.arm-none.win32_1.17.0.201812190825/tools/compiler/bin/../lib/gcc/arm-none-eabi/7.3.1/thumb/v6-m\libgcc.a(_udivsi3.o)
                0x08000108                __aeabi_uidiv
                0x08000108                __udivsi3
                0x08000214                __aeabi_uidivmod
 .text          0x0800021c        0x4 c:/ac6/systemworkbench/plugins/fr.ac6.mcu.externaltools.arm-none.win32_1.17.0.201812190825/tools/compiler/bin/../lib/gcc/arm-none-eabi/7.3.1/thumb/v6-m\libgcc.a(_dvmd_tls.o)
                0x0800021c                __aeabi_idiv0
                0x0800021c                __aeabi_ldiv0
 .text          0x08000220       0x30 c:/ac6/systemworkbench/plugins/fr.ac6.mcu.externaltools.arm-none.win32_1.17.0.201812190825/tools/compiler/bin/../lib/gcc/arm-none-eabi/7.3.1/thumb/v6-m\libgcc.a(_fixunssfsi.o)
                0x08000220                __fixunssfsi
                0x08000220                __aeabi_f2uiz
 .text          0x08000250      0x334 c:/ac6/systemworkbench/plugins/fr.ac6.mcu.externaltools.arm-none.win32_1.17.0.201812190825/tools/compiler/bin/../lib/gcc/arm-none-eabi/7.3.1/thumb/v6-m\libgcc.a(addsf3.o)
                0x08000250                __aeabi_fadd
 .text          0x08000584      0x224 c:/ac6/systemworkbench/plugins/fr.ac6.mcu.externaltools.arm-none.win32_1.17.0.201812190825/tools/compiler/bin/../lib/gcc/arm-none-eabi/7.3.1/thumb/v6-m\libgcc.a(divsf3.o)
                0x08000584                __aeabi_fdiv
 .text          0x080007a8      0x264 c:/ac6/systemworkbench/plugins/fr.ac6.mcu.externaltools.arm-none.win32_1.17.0.201812190825/tools/compiler/bin/../lib/gcc/arm-none-eabi/7.3.1/thumb/v6-m\libgcc.a(mulsf3.o)
                0x080007a8                __aeabi_fmul
 .text          0x08000a0c      0x388 c:/ac6/systemworkbench/plugins/fr.ac6.mcu.externaltools.arm-none.win32_1.17.0.201812190825/tools/compiler/bin/../lib/gcc/arm-none-eabi/7.3.1/thumb/v6-m\libgcc.a(subsf3.o)
                0x08000a0c                __aeabi_fsub
 .text          0x08000d94       0x40 c:/ac6/systemworkbench/plugins/fr.ac6.mcu.externaltools.arm-none.win32_1.17.0.201812190825/tools/compiler/bin/../lib/gcc/arm-none-eabi/7.3.1/thumb/v6-m\libgcc.a(fixsfsi.o)
                0x08000d94                __aeabi_f2iz
 .text          0x08000dd4       0x94 c:/ac6/systemworkbench/plugins/fr.ac6.mcu.externaltools.arm-none.win32_1.17.0.201812190825/tools/compiler/bin/../lib/gcc/arm-none-eabi/7.3.1/thumb/v6-m\libgcc.a(floatsisf.o)
                0x08000dd4                __aeabi_i2f
 .text          0x08000e68       0x80 c:/ac6/systemworkbench/plugins/fr.ac6.mcu.externaltools.arm-none.win32_1.17.0.201812190825/tools/compiler/bin/../lib/gcc/arm-none-eabi/7.3.1/thumb/v6-m\libgcc.a(floatunsisf.o)
                0x08000e68                __aeabi_ui2f
 .text          0x08000ee8      0x638 c:/ac6/systemworkbench/plugins/fr.ac6.mcu.externaltools.arm-none.win32_1.17.0.201812190825/tools/compiler/bin/../lib/gcc/arm-none-eabi/7.3.1/thumb/v6-m\libgcc.a(adddf3.o)
                0x08000ee8                __aeabi_dadd
 .text          0x08001520      0x4e4 c:/ac6/systemworkbench/plugins/fr.ac6.mcu.externaltools.arm-none.win32_1.17.0.201812190825/tools/compiler/bin/../lib/gcc/arm-none-eabi/7.3.1/thumb/v6-m\libgcc.a(muldf3.o)
                0x08001520                __aeabi_dmul
 .text          0x08001a04       0xa4 c:/ac6/systemworkbench/plugins/fr.ac6.mcu.externaltools.arm-none.win32_1.17.0.201812190825/tools/compiler/bin/../lib/gcc/arm-none-eabi/7.3.1/thumb/v6-m\libgcc.a(extendsfdf2.o)
                0x08001a04                __aeabi_f2d
 .text          0x08001aa8      0x108 c:/ac6/systemworkbench/plugins/fr.ac6.mcu.externaltools.arm-none.win32_1.17.0.201812190825/tools/compiler/bin/../lib/gcc/arm-none-eabi/7.3.1/thumb/v6-m\libgcc.a(truncdfsf2.o)
                0x08001aa8                __aeabi_d2f
 .text          0x08001bb0       0x74 c:/ac6/systemworkbench/plugins/fr.ac6.mcu.externaltools.arm-none.win32_1.17.0.201812190825/tools/compiler/bin/../lib/gcc/arm-none-eabi/7.3.1/thumb/v6-m\libgcc.a(_arm_cmpsf2.o)
                0x08001bb0                __aeabi_cfrcmple
                0x08001bb8                __aeabi_cfcmpeq
                0x08001bb8                __aeabi_cfcmple
                0x08001bc8                __aeabi_fcmpeq
                0x08001bd4                __aeabi_fcmplt
                0x08001be8                __aeabi_fcmple
                0x08001bfc                __aeabi_fcmpgt
                0x08001c10                __aeabi_fcmpge
 .text          0x08001c24       0x3c c:/ac6/systemworkbench/plugins/fr.ac6.mcu.externaltools.arm-none.win32_1.17.0.201812190825/tools/compiler/bin/../lib/gcc/arm-none-eabi/7.3.1/thumb/v6-m\libgcc.a(_clzsi2.o)
                0x08001c24                __clzsi2
 .text          0x08001c60       0x50 c:/ac6/systemworkbench/plugins/fr.ac6.mcu.externaltools.arm-none.win32_1.17.0.201812190825/tools/compiler/bin/../lib/gcc/arm-none-eabi/7.3.1/thumb/v6-m\libgcc.a(eqsf2.o)
                0x08001c60                __eqsf2
                0x08001c60                __nesf2
 .text          0x08001cb0       0x9c c:/ac6/systemworkbench/plugins/fr.ac6.mcu.externaltools.arm-none.win32_1.17.0.201812190825/tools/compiler/bin/../lib/gcc/arm-none-eabi/7.3.1/thumb/v6-m\libgcc.a(gesf2.o)
                0x08001cb0                __gesf2
                0x08001cb0                __gtsf2
 .text          0x08001d4c       0xa0 c:/ac6/systemworkbench/plugins/fr.ac6.mcu.externaltools.arm-none.win32_1.17.0.201812190825/tools/compiler/bin/../lib/gcc/arm-none-eabi/7.3.1/thumb/v6-m\libgcc.a(lesf2.o)
                0x08001d4c                __ltsf2
                0x08001d4c                __lesf2
 *(.text*)
 .text.adcInit  0x08001dec      0x124 src/bemf_detection.o
                0x08001dec                adcInit
 .text.dmaInit  0x08001f10       0x40 src/bemf_detection.o
                0x08001f10                dmaInit
 .text.dmaTransferConfig
                0x08001f50       0x2c src/bemf_detection.o
                0x08001f50                dmaTransferConfig
 .text.TIM1_Handler
                0x08001f7c       0x40 src/main.o
                0x08001f7c                TIM1_Handler
 .text.DMA1CH1_Handler
                0x08001fbc        0xc src/main.o
                0x08001fbc                DMA1CH1_Handler
 .text.TIM14_Handler
                0x08001fc8       0x4c src/main.o
                0x08001fc8                TIM14_Handler
 .text.allDown  0x08002014       0x28 src/main.o
                0x08002014                allDown
 .text.motor_init
                0x0800203c      0x17c src/main.o
                0x0800203c                motor_init
 .text.motor_break
                0x080021b8       0x28 src/main.o
                0x080021b8                motor_break
 .text.startup.main
                0x080021e0      0x9b0 src/main.o
                0x080021e0                main
 .text.startupSequence
                0x08002b90      0x598 src/main.o
                0x08002b90                startupSequence
 .text.outAHighSetDuty
                0x08003128       0x3c src/motor_control.o
                0x08003128                outAHighSetDuty
 .text.outBHighSetDuty
                0x08003164       0x30 src/motor_control.o
                0x08003164                outBHighSetDuty
 .text.outCHighSetDuty
                0x08003194       0x3c src/motor_control.o
                0x08003194                outCHighSetDuty
 .text.outALowSetState
                0x080031d0       0x28 src/motor_control.o
                0x080031d0                outALowSetState
 .text.outBLowSetState
                0x080031f8       0x28 src/motor_control.o
                0x080031f8                outBLowSetState
 .text.outCLowSetState
                0x08003220       0x28 src/motor_control.o
                0x08003220                outCLowSetState
 .text.clkInit  0x08003248       0xf0 src/motor_control.o
                0x08003248                clkInit
 .text.gpioInit
                0x08003338      0x130 src/motor_control.o
                0x08003338                gpioInit
 .text.startUpTimerInit
                0x08003468       0x64 src/motor_control.o
                0x08003468                startUpTimerInit
 .text.pwmInit  0x080034cc      0x118 src/motor_control.o
                0x080034cc                pwmInit
 .text.SysTick_Handler
                0x080035e4        0xc src/stm32f0xx_it.o
                0x080035e4                SysTick_Handler
 .text.TIM1_CC_IRQHandler
                0x080035f0        0x8 src/stm32f0xx_it.o
                0x080035f0                TIM1_CC_IRQHandler
 .text.DMA1_CH1_IRQHandler
                0x080035f8        0x8 src/stm32f0xx_it.o
                0x080035f8                DMA1_CH1_IRQHandler
 .text.TIM14_IRQHandler
                0x08003600        0x8 src/stm32f0xx_it.o
                0x08003600                TIM14_IRQHandler
 .text.SystemInit
                0x08003608       0x60 src/system_stm32f0xx.o
                0x08003608                SystemInit
 .text.uartInit
                0x08003668       0xc0 src/uart_utils.o
                0x08003668                uartInit
 .text.uartDMAInit
                0x08003728       0x48 src/uart_utils.o
                0x08003728                uartDMAInit
 .text.uartDMATransfer
                0x08003770       0x2c src/uart_utils.o
                0x08003770                uartDMATransfer
 .text.my_itoa  0x0800379c       0x2c src/uart_utils.o
                0x0800379c                my_itoa
 .text.Reset_Handler
                0x080037c8       0x50 startup/startup_stm32.o
                0x080037c8                Reset_Handler
 .text.Default_Handler
                0x08003818        0x2 startup/startup_stm32.o
                0x08003818                HardFault_Handler
                0x08003818                TIM6_IRQHandler
                0x08003818                PVD_IRQHandler
                0x08003818                PendSV_Handler
                0x08003818                NMI_Handler
                0x08003818                I2C1_IRQHandler
                0x08003818                SPI1_IRQHandler
                0x08003818                EXTI2_3_IRQHandler
                0x08003818                I2C2_IRQHandler
                0x08003818                TIM17_IRQHandler
                0x08003818                RTC_IRQHandler
                0x08003818                TIM16_IRQHandler
                0x08003818                TIM3_IRQHandler
                0x08003818                EXTI4_15_IRQHandler
                0x08003818                RCC_IRQHandler
                0x08003818                Default_Handler
                0x08003818                ADC_IRQHandler
                0x08003818                DMA1_CH2_3_IRQHandler
                0x08003818                TIM15_IRQHandler
                0x08003818                EXTI0_1_IRQHandler
                0x08003818                USB_IRQHandler
                0x08003818                SPI2_IRQHandler
                0x08003818                SVC_Handler
                0x08003818                DMA1_CH4_5_IRQHandler
                0x08003818                WWDG_IRQHandler
                0x08003818                USART2_IRQHandler
                0x08003818                FLASH_IRQHandler
                0x08003818                USART1_IRQHandler
                0x08003818                TIM1_BRK_UP_TRG_COM_IRQHandler
                0x08003818                USART3_4_5_6_IRQHandler
 *fill*         0x0800381a        0x2 
 .text.HAL_MspInit
                0x0800381c        0x4 F:\WorkSpace\SW4STM32\stm32f030brkout_32qfp_hal_lib\Release\libstm32f030brkout_32qfp_hal_lib.a(stm32f0xx_hal.o)
                0x0800381c                HAL_MspInit
 .text.HAL_InitTick
                0x08003820       0x24 F:\WorkSpace\SW4STM32\stm32f030brkout_32qfp_hal_lib\Release\libstm32f030brkout_32qfp_hal_lib.a(stm32f0xx_hal.o)
                0x08003820                HAL_InitTick
 .text.HAL_Init
                0x08003844       0x20 F:\WorkSpace\SW4STM32\stm32f030brkout_32qfp_hal_lib\Release\libstm32f030brkout_32qfp_hal_lib.a(stm32f0xx_hal.o)
                0x08003844                HAL_Init
 .text.HAL_IncTick
                0x08003864       0x10 F:\WorkSpace\SW4STM32\stm32f030brkout_32qfp_hal_lib\Release\libstm32f030brkout_32qfp_hal_lib.a(stm32f0xx_hal.o)
                0x08003864                HAL_IncTick
 .text.HAL_NVIC_SetPriority
                0x08003874       0x58 F:\WorkSpace\SW4STM32\stm32f030brkout_32qfp_hal_lib\Release\libstm32f030brkout_32qfp_hal_lib.a(stm32f0xx_hal_cortex.o)
                0x08003874                HAL_NVIC_SetPriority
 .text.HAL_NVIC_EnableIRQ
                0x080038cc       0x14 F:\WorkSpace\SW4STM32\stm32f030brkout_32qfp_hal_lib\Release\libstm32f030brkout_32qfp_hal_lib.a(stm32f0xx_hal_cortex.o)
                0x080038cc                HAL_NVIC_EnableIRQ
 .text.HAL_NVIC_DisableIRQ
                0x080038e0       0x14 F:\WorkSpace\SW4STM32\stm32f030brkout_32qfp_hal_lib\Release\libstm32f030brkout_32qfp_hal_lib.a(stm32f0xx_hal_cortex.o)
                0x080038e0                HAL_NVIC_DisableIRQ
 .text.HAL_SYSTICK_Config
                0x080038f4       0x38 F:\WorkSpace\SW4STM32\stm32f030brkout_32qfp_hal_lib\Release\libstm32f030brkout_32qfp_hal_lib.a(stm32f0xx_hal_cortex.o)
                0x080038f4                HAL_SYSTICK_Config
 .text.HAL_SYSTICK_Callback
                0x0800392c        0x4 F:\WorkSpace\SW4STM32\stm32f030brkout_32qfp_hal_lib\Release\libstm32f030brkout_32qfp_hal_lib.a(stm32f0xx_hal_cortex.o)
                0x0800392c                HAL_SYSTICK_Callback
 .text.HAL_SYSTICK_IRQHandler
                0x08003930        0x8 F:\WorkSpace\SW4STM32\stm32f030brkout_32qfp_hal_lib\Release\libstm32f030brkout_32qfp_hal_lib.a(stm32f0xx_hal_cortex.o)
                0x08003930                HAL_SYSTICK_IRQHandler
 .text.HAL_RCC_GetHCLKFreq
                0x08003938        0xc F:\WorkSpace\SW4STM32\stm32f030brkout_32qfp_hal_lib\Release\libstm32f030brkout_32qfp_hal_lib.a(stm32f0xx_hal_rcc.o)
                0x08003938                HAL_RCC_GetHCLKFreq
 .text.__libc_init_array
                0x08003944       0x48 c:/ac6/systemworkbench/plugins/fr.ac6.mcu.externaltools.arm-none.win32_1.17.0.201812190825/tools/compiler/bin/../lib/gcc/arm-none-eabi/7.3.1/../../../../arm-none-eabi/lib/thumb/v6-m\libc.a(lib_a-init.o)
                0x08003944                __libc_init_array
 .text.memcpy   0x0800398c       0x88 c:/ac6/systemworkbench/plugins/fr.ac6.mcu.externaltools.arm-none.win32_1.17.0.201812190825/tools/compiler/bin/../lib/gcc/arm-none-eabi/7.3.1/../../../../arm-none-eabi/lib/thumb/v6-m\libc.a(lib_a-memcpy-stub.o)
                0x0800398c                memcpy
 .text.stpcpy   0x08003a14       0x44 c:/ac6/systemworkbench/plugins/fr.ac6.mcu.externaltools.arm-none.win32_1.17.0.201812190825/tools/compiler/bin/../lib/gcc/arm-none-eabi/7.3.1/../../../../arm-none-eabi/lib/thumb/v6-m\libc.a(lib_a-stpcpy.o)
                0x08003a14                stpcpy
 .text.strlen   0x08003a58       0x64 c:/ac6/systemworkbench/plugins/fr.ac6.mcu.externaltools.arm-none.win32_1.17.0.201812190825/tools/compiler/bin/../lib/gcc/arm-none-eabi/7.3.1/../../../../arm-none-eabi/lib/thumb/v6-m\libc.a(lib_a-strlen-stub.o)
                0x08003a58                strlen
 .text.startup.register_fini
                0x08003abc       0x18 c:/ac6/systemworkbench/plugins/fr.ac6.mcu.externaltools.arm-none.win32_1.17.0.201812190825/tools/compiler/bin/../lib/gcc/arm-none-eabi/7.3.1/../../../../arm-none-eabi/lib/thumb/v6-m\libc.a(lib_a-__call_atexit.o)
 .text.atexit   0x08003ad4       0x10 c:/ac6/systemworkbench/plugins/fr.ac6.mcu.externaltools.arm-none.win32_1.17.0.201812190825/tools/compiler/bin/../lib/gcc/arm-none-eabi/7.3.1/../../../../arm-none-eabi/lib/thumb/v6-m\libc.a(lib_a-atexit.o)
                0x08003ad4                atexit
 .text.__libc_fini_array
                0x08003ae4       0x34 c:/ac6/systemworkbench/plugins/fr.ac6.mcu.externaltools.arm-none.win32_1.17.0.201812190825/tools/compiler/bin/../lib/gcc/arm-none-eabi/7.3.1/../../../../arm-none-eabi/lib/thumb/v6-m\libc.a(lib_a-fini.o)
                0x08003ae4                __libc_fini_array
 .text.__retarget_lock_acquire_recursive
                0x08003b18        0x4 c:/ac6/systemworkbench/plugins/fr.ac6.mcu.externaltools.arm-none.win32_1.17.0.201812190825/tools/compiler/bin/../lib/gcc/arm-none-eabi/7.3.1/../../../../arm-none-eabi/lib/thumb/v6-m\libc.a(lib_a-lock.o)
                0x08003b18                __retarget_lock_acquire_recursive
 .text.__retarget_lock_release_recursive
                0x08003b1c        0x4 c:/ac6/systemworkbench/plugins/fr.ac6.mcu.externaltools.arm-none.win32_1.17.0.201812190825/tools/compiler/bin/../lib/gcc/arm-none-eabi/7.3.1/../../../../arm-none-eabi/lib/thumb/v6-m\libc.a(lib_a-lock.o)
                0x08003b1c                __retarget_lock_release_recursive
 .text.__register_exitproc
                0x08003b20       0xf4 c:/ac6/systemworkbench/plugins/fr.ac6.mcu.externaltools.arm-none.win32_1.17.0.201812190825/tools/compiler/bin/../lib/gcc/arm-none-eabi/7.3.1/../../../../arm-none-eabi/lib/thumb/v6-m\libc.a(lib_a-__atexit.o)
                0x08003b20                __register_exitproc
 *(.glue_7)
 .glue_7        0x08003c14        0x0 linker stubs
 *(.glue_7t)
 .glue_7t       0x08003c14        0x0 linker stubs
 *(.eh_frame)
 .eh_frame      0x08003c14        0x0 c:/ac6/systemworkbench/plugins/fr.ac6.mcu.externaltools.arm-none.win32_1.17.0.201812190825/tools/compiler/bin/../lib/gcc/arm-none-eabi/7.3.1/thumb/v6-m/crtbegin.o
 *(.init)
 .init          0x08003c14        0x4 c:/ac6/systemworkbench/plugins/fr.ac6.mcu.externaltools.arm-none.win32_1.17.0.201812190825/tools/compiler/bin/../lib/gcc/arm-none-eabi/7.3.1/thumb/v6-m/crti.o
                0x08003c14                _init
 .init          0x08003c18        0x8 c:/ac6/systemworkbench/plugins/fr.ac6.mcu.externaltools.arm-none.win32_1.17.0.201812190825/tools/compiler/bin/../lib/gcc/arm-none-eabi/7.3.1/thumb/v6-m/crtn.o
 *(.fini)
 .fini          0x08003c20        0x4 c:/ac6/systemworkbench/plugins/fr.ac6.mcu.externaltools.arm-none.win32_1.17.0.201812190825/tools/compiler/bin/../lib/gcc/arm-none-eabi/7.3.1/thumb/v6-m/crti.o
                0x08003c20                _fini
 .fini          0x08003c24        0x8 c:/ac6/systemworkbench/plugins/fr.ac6.mcu.externaltools.arm-none.win32_1.17.0.201812190825/tools/compiler/bin/../lib/gcc/arm-none-eabi/7.3.1/thumb/v6-m/crtn.o
                0x08003c2c                . = ALIGN (0x4)
                0x08003c2c                _etext = .

.vfp11_veneer   0x08003c2c        0x0
 .vfp11_veneer  0x08003c2c        0x0 linker stubs

.v4_bx          0x08003c2c        0x0
 .v4_bx         0x08003c2c        0x0 linker stubs

.iplt           0x08003c2c        0x0
 .iplt          0x08003c2c        0x0 c:/ac6/systemworkbench/plugins/fr.ac6.mcu.externaltools.arm-none.win32_1.17.0.201812190825/tools/compiler/bin/../lib/gcc/arm-none-eabi/7.3.1/thumb/v6-m/crtbegin.o

.rodata         0x08003c2c      0x7c8
                0x08003c2c                . = ALIGN (0x4)
 *(.rodata)
 .rodata        0x08003c2c      0x6bb src/main.o
 *fill*         0x080042e7        0x1 
 .rodata        0x080042e8       0x80 c:/ac6/systemworkbench/plugins/fr.ac6.mcu.externaltools.arm-none.win32_1.17.0.201812190825/tools/compiler/bin/../lib/gcc/arm-none-eabi/7.3.1/thumb/v6-m\libgcc.a(divsf3.o)
 .rodata        0x08004368       0x40 c:/ac6/systemworkbench/plugins/fr.ac6.mcu.externaltools.arm-none.win32_1.17.0.201812190825/tools/compiler/bin/../lib/gcc/arm-none-eabi/7.3.1/thumb/v6-m\libgcc.a(mulsf3.o)
 .rodata        0x080043a8       0x40 c:/ac6/systemworkbench/plugins/fr.ac6.mcu.externaltools.arm-none.win32_1.17.0.201812190825/tools/compiler/bin/../lib/gcc/arm-none-eabi/7.3.1/thumb/v6-m\libgcc.a(muldf3.o)
 *(.rodata*)
 .rodata.str1.4
                0x080043e8        0x8 src/main.o
                                  0x7 (size before relaxing)
 .rodata._global_impure_ptr
                0x080043f0        0x4 c:/ac6/systemworkbench/plugins/fr.ac6.mcu.externaltools.arm-none.win32_1.17.0.201812190825/tools/compiler/bin/../lib/gcc/arm-none-eabi/7.3.1/../../../../arm-none-eabi/lib/thumb/v6-m\libc.a(lib_a-impure.o)
                0x080043f0                _global_impure_ptr
                0x080043f4                . = ALIGN (0x4)

.rel.dyn        0x080043f4        0x0
 .rel.iplt      0x080043f4        0x0 c:/ac6/systemworkbench/plugins/fr.ac6.mcu.externaltools.arm-none.win32_1.17.0.201812190825/tools/compiler/bin/../lib/gcc/arm-none-eabi/7.3.1/thumb/v6-m/crtbegin.o

.ARM.extab      0x080043f4        0x0
                0x080043f4                . = ALIGN (0x4)
 *(.ARM.extab* .gnu.linkonce.armextab.*)
                0x080043f4                . = ALIGN (0x4)

.ARM            0x080043f4        0x0
                0x080043f4                . = ALIGN (0x4)
                0x080043f4                __exidx_start = .
 *(.ARM.exidx*)
                0x080043f4                __exidx_end = .
                0x080043f4                . = ALIGN (0x4)

.preinit_array  0x080043f4        0x0
                0x080043f4                . = ALIGN (0x4)
                0x080043f4                PROVIDE (__preinit_array_start = .)
 *(.preinit_array*)
                0x080043f4                PROVIDE (__preinit_array_end = .)
                0x080043f4                . = ALIGN (0x4)

.init_array     0x080043f4        0x8
                0x080043f4                . = ALIGN (0x4)
                0x080043f4                PROVIDE (__init_array_start = .)
 *(SORT_BY_NAME(.init_array.*))
 .init_array.00000
                0x080043f4        0x4 c:/ac6/systemworkbench/plugins/fr.ac6.mcu.externaltools.arm-none.win32_1.17.0.201812190825/tools/compiler/bin/../lib/gcc/arm-none-eabi/7.3.1/../../../../arm-none-eabi/lib/thumb/v6-m\libc.a(lib_a-__call_atexit.o)
 *(.init_array*)
 .init_array    0x080043f8        0x4 c:/ac6/systemworkbench/plugins/fr.ac6.mcu.externaltools.arm-none.win32_1.17.0.201812190825/tools/compiler/bin/../lib/gcc/arm-none-eabi/7.3.1/thumb/v6-m/crtbegin.o
                0x080043fc                PROVIDE (__init_array_end = .)
                0x080043fc                . = ALIGN (0x4)

.fini_array     0x080043fc        0x4
                0x080043fc                . = ALIGN (0x4)
                0x080043fc                PROVIDE (__fini_array_start = .)
 *(SORT_BY_NAME(.fini_array.*))
 *(.fini_array*)
 .fini_array    0x080043fc        0x4 c:/ac6/systemworkbench/plugins/fr.ac6.mcu.externaltools.arm-none.win32_1.17.0.201812190825/tools/compiler/bin/../lib/gcc/arm-none-eabi/7.3.1/thumb/v6-m/crtbegin.o
                0x08004400                PROVIDE (__fini_array_end = .)
                0x08004400                . = ALIGN (0x4)
                0x08004400                _sidata = LOADADDR (.data)

.data           0x20000000      0x444 load address 0x08004400
                0x20000000                . = ALIGN (0x4)
                0x20000000                _sdata = .
 *(.data)
 .data          0x20000000       0x12 src/main.o
                0x20000000                timerStateChanged
                0x20000001                state
                0x20000002                startupState
                0x20000004                upper_limit
                0x20000006                lower_limit
                0x20000008                pDataStr
                0x2000000c                endLine
                0x20000010                comma
 *fill*         0x20000012        0x2 
 .data          0x20000014        0x4 src/system_stm32f0xx.o
                0x20000014                SystemCoreClock
 *(.data*)
 .data.impure_data
                0x20000018      0x428 c:/ac6/systemworkbench/plugins/fr.ac6.mcu.externaltools.arm-none.win32_1.17.0.201812190825/tools/compiler/bin/../lib/gcc/arm-none-eabi/7.3.1/../../../../arm-none-eabi/lib/thumb/v6-m\libc.a(lib_a-impure.o)
 .data.__atexit_recursive_mutex
                0x20000440        0x4 c:/ac6/systemworkbench/plugins/fr.ac6.mcu.externaltools.arm-none.win32_1.17.0.201812190825/tools/compiler/bin/../lib/gcc/arm-none-eabi/7.3.1/../../../../arm-none-eabi/lib/thumb/v6-m\libc.a(lib_a-__call_atexit.o)
                0x20000440                __atexit_recursive_mutex
                0x20000444                . = ALIGN (0x4)
                0x20000444                _edata = .

.igot.plt       0x20000444        0x0 load address 0x08004844
 .igot.plt      0x20000444        0x0 c:/ac6/systemworkbench/plugins/fr.ac6.mcu.externaltools.arm-none.win32_1.17.0.201812190825/tools/compiler/bin/../lib/gcc/arm-none-eabi/7.3.1/thumb/v6-m/crtbegin.o
                0x20000444                . = ALIGN (0x4)

.bss            0x20000444      0x1d4 load address 0x08004844
                0x20000444                _sbss = .
                0x20000444                __bss_start__ = _sbss
 *(.bss)
 .bss           0x20000444       0x1c c:/ac6/systemworkbench/plugins/fr.ac6.mcu.externaltools.arm-none.win32_1.17.0.201812190825/tools/compiler/bin/../lib/gcc/arm-none-eabi/7.3.1/thumb/v6-m/crtbegin.o
 .bss           0x20000460       0x52 src/main.o
                0x20000460                zc_f
                0x20000462                potDuty
                0x20000464                pot_avrg
                0x20000468                fdty
                0x2000046c                pot_offset
                0x2000046e                antAdcA
                0x20000470                antAdcB
                0x20000472                antAdcC
                0x20000474                tmpadcA
                0x20000478                fAdcA
                0x2000047c                tmpadcB
                0x20000480                fAdcB
                0x20000484                tmpadcC
                0x20000488                fAdcC
                0x2000048c                adcA
                0x2000048e                adcB
                0x20000490                adcC
                0x20000492                adcAPrint
                0x20000494                adcBPrint
                0x20000496                adcCPrint
                0x20000498                controlState
                0x2000049a                ths_value
                0x2000049c                ths_offset
                0x2000049e                ths
                0x200004a0                prevDetection
                0x200004a1                bemfDetectionCounter
                0x200004a2                prevControlState
                0x200004a3                prvState
                0x200004a4                tmpduty
                0x200004a8                openLoopTimer_ARR
                0x200004aa                closeloopcounter
                0x200004ac                uartDataDelay
                0x200004b0                dmaUartBusy
                0x200004b1                dmaAdcBusy
 *fill*         0x200004b2        0x2 
 .bss           0x200004b4        0xc src/uart_utils.o
 *(.bss*)
 *(COMMON)
 COMMON         0x200004c0      0x130 src/main.o
                0x200004c0                adc_v
                0x200004cc                strC
                0x200004d2                antStartupState
                0x200004d4                dataStr
                0x200005d4                dty
                0x200005d8                strB
                0x200005e0                strA
                0x200005e8                pot_v
 COMMON         0x200005f0        0x4 F:\WorkSpace\SW4STM32\stm32f030brkout_32qfp_hal_lib\Release\libstm32f030brkout_32qfp_hal_lib.a(stm32f0xx_hal.o)
                0x200005f0                uwTick
 COMMON         0x200005f4       0x21 c:/ac6/systemworkbench/plugins/fr.ac6.mcu.externaltools.arm-none.win32_1.17.0.201812190825/tools/compiler/bin/../lib/gcc/arm-none-eabi/7.3.1/../../../../arm-none-eabi/lib/thumb/v6-m\libc.a(lib_a-lock.o)
                0x200005f4                __lock___atexit_recursive_mutex
                0x200005f8                __lock___arc4random_mutex
                0x200005fc                __lock___env_recursive_mutex
                0x20000600                __lock___sinit_recursive_mutex
                0x20000604                __lock___malloc_recursive_mutex
                0x20000608                __lock___at_quick_exit_mutex
                0x2000060c                __lock___dd_hash_mutex
                0x20000610                __lock___tz_mutex
                0x20000614                __lock___sfp_recursive_mutex
                0x20000618                . = ALIGN (0x4)
 *fill*         0x20000615        0x3 
                0x20000618                _ebss = .
                0x20000618                __bss_end__ = _ebss

._user_heap_stack
                0x20000618      0x400 load address 0x08004844
                0x20000618                . = ALIGN (0x8)
                0x20000618                PROVIDE (end = .)
                [!provide]                PROVIDE (_end = .)
                0x20000618                . = (. + _Min_Heap_Size)
                0x20000a18                . = (. + _Min_Stack_Size)
 *fill*         0x20000618      0x400 
                0x20000a18                . = ALIGN (0x8)

/DISCARD/
 libc.a(*)
 libm.a(*)
 libgcc.a(*)

.ARM.attributes
                0x00000000       0x28
 *(.ARM.attributes)
 .ARM.attributes
                0x00000000       0x1e c:/ac6/systemworkbench/plugins/fr.ac6.mcu.externaltools.arm-none.win32_1.17.0.201812190825/tools/compiler/bin/../lib/gcc/arm-none-eabi/7.3.1/thumb/v6-m/crti.o
 .ARM.attributes
                0x0000001e       0x2c c:/ac6/systemworkbench/plugins/fr.ac6.mcu.externaltools.arm-none.win32_1.17.0.201812190825/tools/compiler/bin/../lib/gcc/arm-none-eabi/7.3.1/thumb/v6-m/crtbegin.o
 .ARM.attributes
                0x0000004a       0x31 src/bemf_detection.o
 .ARM.attributes
                0x0000007b       0x31 src/main.o
 .ARM.attributes
                0x000000ac       0x31 src/motor_control.o
 .ARM.attributes
                0x000000dd       0x31 src/stm32f0xx_it.o
 .ARM.attributes
                0x0000010e       0x31 src/system_stm32f0xx.o
 .ARM.attributes
                0x0000013f       0x31 src/uart_utils.o
 .ARM.attributes
                0x00000170       0x21 startup/startup_stm32.o
 .ARM.attributes
                0x00000191       0x31 F:\WorkSpace\SW4STM32\stm32f030brkout_32qfp_hal_lib\Release\libstm32f030brkout_32qfp_hal_lib.a(stm32f0xx_hal.o)
 .ARM.attributes
                0x000001c2       0x31 F:\WorkSpace\SW4STM32\stm32f030brkout_32qfp_hal_lib\Release\libstm32f030brkout_32qfp_hal_lib.a(stm32f0xx_hal_cortex.o)
 .ARM.attributes
                0x000001f3       0x31 F:\WorkSpace\SW4STM32\stm32f030brkout_32qfp_hal_lib\Release\libstm32f030brkout_32qfp_hal_lib.a(stm32f0xx_hal_rcc.o)
 .ARM.attributes
                0x00000224       0x1e c:/ac6/systemworkbench/plugins/fr.ac6.mcu.externaltools.arm-none.win32_1.17.0.201812190825/tools/compiler/bin/../lib/gcc/arm-none-eabi/7.3.1/thumb/v6-m\libgcc.a(_udivsi3.o)
 .ARM.attributes
                0x00000242       0x1e c:/ac6/systemworkbench/plugins/fr.ac6.mcu.externaltools.arm-none.win32_1.17.0.201812190825/tools/compiler/bin/../lib/gcc/arm-none-eabi/7.3.1/thumb/v6-m\libgcc.a(_dvmd_tls.o)
 .ARM.attributes
                0x00000260       0x2c c:/ac6/systemworkbench/plugins/fr.ac6.mcu.externaltools.arm-none.win32_1.17.0.201812190825/tools/compiler/bin/../lib/gcc/arm-none-eabi/7.3.1/thumb/v6-m\libgcc.a(_fixunssfsi.o)
 .ARM.attributes
                0x0000028c       0x2c c:/ac6/systemworkbench/plugins/fr.ac6.mcu.externaltools.arm-none.win32_1.17.0.201812190825/tools/compiler/bin/../lib/gcc/arm-none-eabi/7.3.1/thumb/v6-m\libgcc.a(addsf3.o)
 .ARM.attributes
                0x000002b8       0x2c c:/ac6/systemworkbench/plugins/fr.ac6.mcu.externaltools.arm-none.win32_1.17.0.201812190825/tools/compiler/bin/../lib/gcc/arm-none-eabi/7.3.1/thumb/v6-m\libgcc.a(divsf3.o)
 .ARM.attributes
                0x000002e4       0x2c c:/ac6/systemworkbench/plugins/fr.ac6.mcu.externaltools.arm-none.win32_1.17.0.201812190825/tools/compiler/bin/../lib/gcc/arm-none-eabi/7.3.1/thumb/v6-m\libgcc.a(mulsf3.o)
 .ARM.attributes
                0x00000310       0x2c c:/ac6/systemworkbench/plugins/fr.ac6.mcu.externaltools.arm-none.win32_1.17.0.201812190825/tools/compiler/bin/../lib/gcc/arm-none-eabi/7.3.1/thumb/v6-m\libgcc.a(subsf3.o)
 .ARM.attributes
                0x0000033c       0x2c c:/ac6/systemworkbench/plugins/fr.ac6.mcu.externaltools.arm-none.win32_1.17.0.201812190825/tools/compiler/bin/../lib/gcc/arm-none-eabi/7.3.1/thumb/v6-m\libgcc.a(fixsfsi.o)
 .ARM.attributes
                0x00000368       0x2c c:/ac6/systemworkbench/plugins/fr.ac6.mcu.externaltools.arm-none.win32_1.17.0.201812190825/tools/compiler/bin/../lib/gcc/arm-none-eabi/7.3.1/thumb/v6-m\libgcc.a(floatsisf.o)
 .ARM.attributes
                0x00000394       0x2c c:/ac6/systemworkbench/plugins/fr.ac6.mcu.externaltools.arm-none.win32_1.17.0.201812190825/tools/compiler/bin/../lib/gcc/arm-none-eabi/7.3.1/thumb/v6-m\libgcc.a(floatunsisf.o)
 .ARM.attributes
                0x000003c0       0x2c c:/ac6/systemworkbench/plugins/fr.ac6.mcu.externaltools.arm-none.win32_1.17.0.201812190825/tools/compiler/bin/../lib/gcc/arm-none-eabi/7.3.1/thumb/v6-m\libgcc.a(adddf3.o)
 .ARM.attributes
                0x000003ec       0x2c c:/ac6/systemworkbench/plugins/fr.ac6.mcu.externaltools.arm-none.win32_1.17.0.201812190825/tools/compiler/bin/../lib/gcc/arm-none-eabi/7.3.1/thumb/v6-m\libgcc.a(muldf3.o)
 .ARM.attributes
                0x00000418       0x2c c:/ac6/systemworkbench/plugins/fr.ac6.mcu.externaltools.arm-none.win32_1.17.0.201812190825/tools/compiler/bin/../lib/gcc/arm-none-eabi/7.3.1/thumb/v6-m\libgcc.a(extendsfdf2.o)
 .ARM.attributes
                0x00000444       0x2c c:/ac6/systemworkbench/plugins/fr.ac6.mcu.externaltools.arm-none.win32_1.17.0.201812190825/tools/compiler/bin/../lib/gcc/arm-none-eabi/7.3.1/thumb/v6-m\libgcc.a(truncdfsf2.o)
 .ARM.attributes
                0x00000470       0x1e c:/ac6/systemworkbench/plugins/fr.ac6.mcu.externaltools.arm-none.win32_1.17.0.201812190825/tools/compiler/bin/../lib/gcc/arm-none-eabi/7.3.1/thumb/v6-m\libgcc.a(_arm_cmpsf2.o)
 .ARM.attributes
                0x0000048e       0x1e c:/ac6/systemworkbench/plugins/fr.ac6.mcu.externaltools.arm-none.win32_1.17.0.201812190825/tools/compiler/bin/../lib/gcc/arm-none-eabi/7.3.1/thumb/v6-m\libgcc.a(_clzsi2.o)
 .ARM.attributes
                0x000004ac       0x2c c:/ac6/systemworkbench/plugins/fr.ac6.mcu.externaltools.arm-none.win32_1.17.0.201812190825/tools/compiler/bin/../lib/gcc/arm-none-eabi/7.3.1/thumb/v6-m\libgcc.a(eqsf2.o)
 .ARM.attributes
                0x000004d8       0x2c c:/ac6/systemworkbench/plugins/fr.ac6.mcu.externaltools.arm-none.win32_1.17.0.201812190825/tools/compiler/bin/../lib/gcc/arm-none-eabi/7.3.1/thumb/v6-m\libgcc.a(gesf2.o)
 .ARM.attributes
                0x00000504       0x2c c:/ac6/systemworkbench/plugins/fr.ac6.mcu.externaltools.arm-none.win32_1.17.0.201812190825/tools/compiler/bin/../lib/gcc/arm-none-eabi/7.3.1/thumb/v6-m\libgcc.a(lesf2.o)
 .ARM.attributes
                0x00000530       0x2c c:/ac6/systemworkbench/plugins/fr.ac6.mcu.externaltools.arm-none.win32_1.17.0.201812190825/tools/compiler/bin/../lib/gcc/arm-none-eabi/7.3.1/../../../../arm-none-eabi/lib/thumb/v6-m\libc.a(lib_a-impure.o)
 .ARM.attributes
                0x0000055c       0x2c c:/ac6/systemworkbench/plugins/fr.ac6.mcu.externaltools.arm-none.win32_1.17.0.201812190825/tools/compiler/bin/../lib/gcc/arm-none-eabi/7.3.1/../../../../arm-none-eabi/lib/thumb/v6-m\libc.a(lib_a-init.o)
 .ARM.attributes
                0x00000588       0x2c c:/ac6/systemworkbench/plugins/fr.ac6.mcu.externaltools.arm-none.win32_1.17.0.201812190825/tools/compiler/bin/../lib/gcc/arm-none-eabi/7.3.1/../../../../arm-none-eabi/lib/thumb/v6-m\libc.a(lib_a-memcpy-stub.o)
 .ARM.attributes
                0x000005b4       0x2c c:/ac6/systemworkbench/plugins/fr.ac6.mcu.externaltools.arm-none.win32_1.17.0.201812190825/tools/compiler/bin/../lib/gcc/arm-none-eabi/7.3.1/../../../../arm-none-eabi/lib/thumb/v6-m\libc.a(lib_a-stpcpy.o)
 .ARM.attributes
                0x000005e0       0x2c c:/ac6/systemworkbench/plugins/fr.ac6.mcu.externaltools.arm-none.win32_1.17.0.201812190825/tools/compiler/bin/../lib/gcc/arm-none-eabi/7.3.1/../../../../arm-none-eabi/lib/thumb/v6-m\libc.a(lib_a-strlen-stub.o)
 .ARM.attributes
                0x0000060c       0x2c c:/ac6/systemworkbench/plugins/fr.ac6.mcu.externaltools.arm-none.win32_1.17.0.201812190825/tools/compiler/bin/../lib/gcc/arm-none-eabi/7.3.1/../../../../arm-none-eabi/lib/thumb/v6-m\libc.a(lib_a-__call_atexit.o)
 .ARM.attributes
                0x00000638       0x2c c:/ac6/systemworkbench/plugins/fr.ac6.mcu.externaltools.arm-none.win32_1.17.0.201812190825/tools/compiler/bin/../lib/gcc/arm-none-eabi/7.3.1/../../../../arm-none-eabi/lib/thumb/v6-m\libc.a(lib_a-atexit.o)
 .ARM.attributes
                0x00000664       0x2c c:/ac6/systemworkbench/plugins/fr.ac6.mcu.externaltools.arm-none.win32_1.17.0.201812190825/tools/compiler/bin/../lib/gcc/arm-none-eabi/7.3.1/../../../../arm-none-eabi/lib/thumb/v6-m\libc.a(lib_a-fini.o)
 .ARM.attributes
                0x00000690       0x2c c:/ac6/systemworkbench/plugins/fr.ac6.mcu.externaltools.arm-none.win32_1.17.0.201812190825/tools/compiler/bin/../lib/gcc/arm-none-eabi/7.3.1/../../../../arm-none-eabi/lib/thumb/v6-m\libc.a(lib_a-lock.o)
 .ARM.attributes
                0x000006bc       0x2c c:/ac6/systemworkbench/plugins/fr.ac6.mcu.externaltools.arm-none.win32_1.17.0.201812190825/tools/compiler/bin/../lib/gcc/arm-none-eabi/7.3.1/../../../../arm-none-eabi/lib/thumb/v6-m\libc.a(lib_a-__atexit.o)
 .ARM.attributes
                0x000006e8       0x1e c:/ac6/systemworkbench/plugins/fr.ac6.mcu.externaltools.arm-none.win32_1.17.0.201812190825/tools/compiler/bin/../lib/gcc/arm-none-eabi/7.3.1/thumb/v6-m/crtn.o
OUTPUT(F030_BLDCControl.elf elf32-littlearm)

.comment        0x00000000       0x7f
 .comment       0x00000000       0x7f src/bemf_detection.o
                                 0x80 (size before relaxing)
 .comment       0x0000007f       0x80 src/main.o
 .comment       0x0000007f       0x80 src/motor_control.o
 .comment       0x0000007f       0x80 src/stm32f0xx_it.o
 .comment       0x0000007f       0x80 src/system_stm32f0xx.o
 .comment       0x0000007f       0x80 src/uart_utils.o
 .comment       0x0000007f       0x80 F:\WorkSpace\SW4STM32\stm32f030brkout_32qfp_hal_lib\Release\libstm32f030brkout_32qfp_hal_lib.a(stm32f0xx_hal.o)
 .comment       0x0000007f       0x80 F:\WorkSpace\SW4STM32\stm32f030brkout_32qfp_hal_lib\Release\libstm32f030brkout_32qfp_hal_lib.a(stm32f0xx_hal_cortex.o)
 .comment       0x0000007f       0x80 F:\WorkSpace\SW4STM32\stm32f030brkout_32qfp_hal_lib\Release\libstm32f030brkout_32qfp_hal_lib.a(stm32f0xx_hal_rcc.o)

.debug_frame    0x00000000      0x53c
 .debug_frame   0x00000000       0x20 c:/ac6/systemworkbench/plugins/fr.ac6.mcu.externaltools.arm-none.win32_1.17.0.201812190825/tools/compiler/bin/../lib/gcc/arm-none-eabi/7.3.1/thumb/v6-m\libgcc.a(_udivsi3.o)
 .debug_frame   0x00000020       0x28 c:/ac6/systemworkbench/plugins/fr.ac6.mcu.externaltools.arm-none.win32_1.17.0.201812190825/tools/compiler/bin/../lib/gcc/arm-none-eabi/7.3.1/thumb/v6-m\libgcc.a(_fixunssfsi.o)
 .debug_frame   0x00000048       0x38 c:/ac6/systemworkbench/plugins/fr.ac6.mcu.externaltools.arm-none.win32_1.17.0.201812190825/tools/compiler/bin/../lib/gcc/arm-none-eabi/7.3.1/thumb/v6-m\libgcc.a(addsf3.o)
 .debug_frame   0x00000080       0x3c c:/ac6/systemworkbench/plugins/fr.ac6.mcu.externaltools.arm-none.win32_1.17.0.201812190825/tools/compiler/bin/../lib/gcc/arm-none-eabi/7.3.1/thumb/v6-m\libgcc.a(divsf3.o)
 .debug_frame   0x000000bc       0x3c c:/ac6/systemworkbench/plugins/fr.ac6.mcu.externaltools.arm-none.win32_1.17.0.201812190825/tools/compiler/bin/../lib/gcc/arm-none-eabi/7.3.1/thumb/v6-m\libgcc.a(mulsf3.o)
 .debug_frame   0x000000f8       0x38 c:/ac6/systemworkbench/plugins/fr.ac6.mcu.externaltools.arm-none.win32_1.17.0.201812190825/tools/compiler/bin/../lib/gcc/arm-none-eabi/7.3.1/thumb/v6-m\libgcc.a(subsf3.o)
 .debug_frame   0x00000130       0x20 c:/ac6/systemworkbench/plugins/fr.ac6.mcu.externaltools.arm-none.win32_1.17.0.201812190825/tools/compiler/bin/../lib/gcc/arm-none-eabi/7.3.1/thumb/v6-m\libgcc.a(fixsfsi.o)
 .debug_frame   0x00000150       0x2c c:/ac6/systemworkbench/plugins/fr.ac6.mcu.externaltools.arm-none.win32_1.17.0.201812190825/tools/compiler/bin/../lib/gcc/arm-none-eabi/7.3.1/thumb/v6-m\libgcc.a(floatsisf.o)
 .debug_frame   0x0000017c       0x2c c:/ac6/systemworkbench/plugins/fr.ac6.mcu.externaltools.arm-none.win32_1.17.0.201812190825/tools/compiler/bin/../lib/gcc/arm-none-eabi/7.3.1/thumb/v6-m\libgcc.a(floatunsisf.o)
 .debug_frame   0x000001a8       0x38 c:/ac6/systemworkbench/plugins/fr.ac6.mcu.externaltools.arm-none.win32_1.17.0.201812190825/tools/compiler/bin/../lib/gcc/arm-none-eabi/7.3.1/thumb/v6-m\libgcc.a(adddf3.o)
 .debug_frame   0x000001e0       0x3c c:/ac6/systemworkbench/plugins/fr.ac6.mcu.externaltools.arm-none.win32_1.17.0.201812190825/tools/compiler/bin/../lib/gcc/arm-none-eabi/7.3.1/thumb/v6-m\libgcc.a(muldf3.o)
 .debug_frame   0x0000021c       0x2c c:/ac6/systemworkbench/plugins/fr.ac6.mcu.externaltools.arm-none.win32_1.17.0.201812190825/tools/compiler/bin/../lib/gcc/arm-none-eabi/7.3.1/thumb/v6-m\libgcc.a(extendsfdf2.o)
 .debug_frame   0x00000248       0x30 c:/ac6/systemworkbench/plugins/fr.ac6.mcu.externaltools.arm-none.win32_1.17.0.201812190825/tools/compiler/bin/../lib/gcc/arm-none-eabi/7.3.1/thumb/v6-m\libgcc.a(truncdfsf2.o)
 .debug_frame   0x00000278       0x2c c:/ac6/systemworkbench/plugins/fr.ac6.mcu.externaltools.arm-none.win32_1.17.0.201812190825/tools/compiler/bin/../lib/gcc/arm-none-eabi/7.3.1/thumb/v6-m\libgcc.a(eqsf2.o)
 .debug_frame   0x000002a4       0x2c c:/ac6/systemworkbench/plugins/fr.ac6.mcu.externaltools.arm-none.win32_1.17.0.201812190825/tools/compiler/bin/../lib/gcc/arm-none-eabi/7.3.1/thumb/v6-m\libgcc.a(gesf2.o)
 .debug_frame   0x000002d0       0x2c c:/ac6/systemworkbench/plugins/fr.ac6.mcu.externaltools.arm-none.win32_1.17.0.201812190825/tools/compiler/bin/../lib/gcc/arm-none-eabi/7.3.1/thumb/v6-m\libgcc.a(lesf2.o)
 .debug_frame   0x000002fc       0x2c c:/ac6/systemworkbench/plugins/fr.ac6.mcu.externaltools.arm-none.win32_1.17.0.201812190825/tools/compiler/bin/../lib/gcc/arm-none-eabi/7.3.1/../../../../arm-none-eabi/lib/thumb/v6-m\libc.a(lib_a-init.o)
 .debug_frame   0x00000328       0x30 c:/ac6/systemworkbench/plugins/fr.ac6.mcu.externaltools.arm-none.win32_1.17.0.201812190825/tools/compiler/bin/../lib/gcc/arm-none-eabi/7.3.1/../../../../arm-none-eabi/lib/thumb/v6-m\libc.a(lib_a-memcpy-stub.o)
 .debug_frame   0x00000358       0x28 c:/ac6/systemworkbench/plugins/fr.ac6.mcu.externaltools.arm-none.win32_1.17.0.201812190825/tools/compiler/bin/../lib/gcc/arm-none-eabi/7.3.1/../../../../arm-none-eabi/lib/thumb/v6-m\libc.a(lib_a-stpcpy.o)
 .debug_frame   0x00000380       0x28 c:/ac6/systemworkbench/plugins/fr.ac6.mcu.externaltools.arm-none.win32_1.17.0.201812190825/tools/compiler/bin/../lib/gcc/arm-none-eabi/7.3.1/../../../../arm-none-eabi/lib/thumb/v6-m\libc.a(lib_a-strlen-stub.o)
 .debug_frame   0x000003a8       0x54 c:/ac6/systemworkbench/plugins/fr.ac6.mcu.externaltools.arm-none.win32_1.17.0.201812190825/tools/compiler/bin/../lib/gcc/arm-none-eabi/7.3.1/../../../../arm-none-eabi/lib/thumb/v6-m\libc.a(lib_a-__call_atexit.o)
 .debug_frame   0x000003fc       0x28 c:/ac6/systemworkbench/plugins/fr.ac6.mcu.externaltools.arm-none.win32_1.17.0.201812190825/tools/compiler/bin/../lib/gcc/arm-none-eabi/7.3.1/../../../../arm-none-eabi/lib/thumb/v6-m\libc.a(lib_a-atexit.o)
 .debug_frame   0x00000424       0x2c c:/ac6/systemworkbench/plugins/fr.ac6.mcu.externaltools.arm-none.win32_1.17.0.201812190825/tools/compiler/bin/../lib/gcc/arm-none-eabi/7.3.1/../../../../arm-none-eabi/lib/thumb/v6-m\libc.a(lib_a-fini.o)
 .debug_frame   0x00000450       0xb0 c:/ac6/systemworkbench/plugins/fr.ac6.mcu.externaltools.arm-none.win32_1.17.0.201812190825/tools/compiler/bin/../lib/gcc/arm-none-eabi/7.3.1/../../../../arm-none-eabi/lib/thumb/v6-m\libc.a(lib_a-lock.o)
 .debug_frame   0x00000500       0x3c c:/ac6/systemworkbench/plugins/fr.ac6.mcu.externaltools.arm-none.win32_1.17.0.201812190825/tools/compiler/bin/../lib/gcc/arm-none-eabi/7.3.1/../../../../arm-none-eabi/lib/thumb/v6-m\libc.a(lib_a-__atexit.o)
